<?xml version="1.0" encoding="UTF-8"?>
<TestRun id="5f4890b3-98d5-4606-8b84-701bc5aa7803" name="Administrator@WIN-N9FBSPSUO9F 2013-03-26 13:40:43" runUser="WIN-N9FBSPSUO9F\Administrator" xmlns="http://microsoft.com/schemas/VisualStudio/TeamTest/2010">
  <TestSettings name="Local" id="2c9d6db2-0a20-48cc-9b79-9d877a4d1a21">
    <Description>These are default test settings for a local test run.</Description>
    <Deployment userDeploymentRoot="C:\Users\Administrator\.jenkins\jobs\UnitTesting\workspace\UnitTestResult" useDefaultDeploymentRoot="false" runDeploymentRoot="Administrator_WIN-N9FBSPSUO9F 2013-03-26 13_40_43" />
    <Execution>
      <TestTypeSpecific>
        <UnitTestRunConfig testTypeId="13cdc9d9-ddb5-4fa4-a97d-d965ccfc6d4b">
          <AssemblyResolution>
            <TestDirectory useLoadContext="true" />
          </AssemblyResolution>
        </UnitTestRunConfig>
        <WebTestRunConfiguration testTypeId="4e7599fa-5ecb-43e9-a887-cd63cf72d207">
          <Browser name="Internet Explorer 7.0">
            <Headers>
              <Header name="User-Agent" value="Mozilla/4.0 (compatible; MSIE 7.0; Windows NT 5.1)" />
              <Header name="Accept" value="*/*" />
              <Header name="Accept-Language" value="{{$IEAcceptLanguage}}" />
              <Header name="Accept-Encoding" value="GZIP" />
            </Headers>
          </Browser>
        </WebTestRunConfiguration>
      </TestTypeSpecific>
      <AgentRule name="LocalMachineDefaultRole">
        <DataCollectors>
          <DataCollector uri="datacollector://microsoft/CodeCoverage/1.0" assemblyQualifiedName="Microsoft.VisualStudio.TestTools.CodeCoverage.CoveragePlugIn, Microsoft.VisualStudio.QualityTools.Plugins.CodeCoverage, Version=10.0.0.0, Culture=neutral, PublicKeyToken=b03f5f7f11d50a3a" friendlyName="Code Coverage">
            <Configuration>
              <CodeCoverage xmlns="">
                <Regular>
                  <CodeCoverageItem binaryFile="c:\users\administrator\.jenkins\jobs\unittesting\workspace\UnitTesting\bin\Debug\UnitTesting.dll" pdbFile="c:\users\administrator\.jenkins\jobs\unittesting\workspace\UnitTesting\bin\Debug\UnitTesting.instr.pdb" instrumentInPlace="true" />
                </Regular>
              </CodeCoverage>
            </Configuration>
          </DataCollector>
        </DataCollectors>
      </AgentRule>
    </Execution>
  </TestSettings>
  <Times creation="2013-03-26T13:40:43.1478515+05:30" queuing="2013-03-26T13:40:43.9671875+05:30" start="2013-03-26T13:40:44.1195312+05:30" finish="2013-03-26T13:40:55.1361328+05:30" />
  <ResultSummary outcome="Completed">
    <Counters total="46" executed="46" passed="46" error="0" failed="0" timeout="0" aborted="0" inconclusive="0" passedButRunAborted="0" notRunnable="0" notExecuted="0" disconnected="0" warning="0" completed="0" inProgress="0" pending="0" />
    <ResultFiles>
      <ResultFile path="WIN-N9FBSPSUO9F\data.coverage" />
    </ResultFiles>
  </ResultSummary>
  <TestDefinitions>
    <UnitTest name="CapitalizeWillNotCapitalizeAgain364" storage="c:\users\administrator\.jenkins\jobs\unittesting\workspace\unittesting.tests\bin\debug\unittesting.tests.dll" id="2b61789e-1697-3d8a-fc35-391a94542a91">
      <Execution id="3563be68-ac03-48cc-9260-dad3a1fae12d" />
      <TestMethod codeBase="C:/Users/Administrator/.jenkins/jobs/UnitTesting/workspace/UnitTesting.Tests/bin/Debug/UnitTesting.Tests.DLL" adapterTypeName="Microsoft.VisualStudio.TestTools.TestTypes.Unit.UnitTestAdapter, Microsoft.VisualStudio.QualityTools.Tips.UnitTest.Adapter, Version=10.0.0.0, Culture=neutral, PublicKeyToken=b03f5f7f11d50a3a" className="UnitTesting.UnitTest.UnitTestExampleTest, UnitTesting.Tests, Version=0.0.0.0, Culture=neutral, PublicKeyToken=null" name="CapitalizeWillNotCapitalizeAgain364" />
    </UnitTest>
    <UnitTest name="Capitalize582" storage="c:\users\administrator\.jenkins\jobs\unittesting\workspace\unittesting.tests\bin\debug\unittesting.tests.dll" id="5f2f75cc-5412-5d31-09f2-a91f8adce426">
      <Execution id="7152348e-655f-40d1-b036-c20d35deb74b" />
      <TestMethod codeBase="C:/Users/Administrator/.jenkins/jobs/UnitTesting/workspace/UnitTesting.Tests/bin/Debug/UnitTesting.Tests.DLL" adapterTypeName="Microsoft.VisualStudio.TestTools.TestTypes.Unit.UnitTestAdapter, Microsoft.VisualStudio.QualityTools.Tips.UnitTest.Adapter, Version=10.0.0.0, Culture=neutral, PublicKeyToken=b03f5f7f11d50a3a" className="UnitTesting.UnitTest.UnitTestExampleTest, UnitTesting.Tests, Version=0.0.0.0, Culture=neutral, PublicKeyToken=null" name="Capitalize582" />
    </UnitTest>
    <UnitTest name="CapitalizeReturnsOnlyLettersAndUnderscores226" storage="c:\users\administrator\.jenkins\jobs\unittesting\workspace\unittesting.tests\bin\debug\unittesting.tests.dll" id="8fe2b1c5-6978-e869-fcf8-0637b12ec7dd">
      <Execution id="812aeb1e-1ef3-466d-a022-179e82ae5736" />
      <TestMethod codeBase="C:/Users/Administrator/.jenkins/jobs/UnitTesting/workspace/UnitTesting.Tests/bin/Debug/UnitTesting.Tests.DLL" adapterTypeName="Microsoft.VisualStudio.TestTools.TestTypes.Unit.UnitTestAdapter, Microsoft.VisualStudio.QualityTools.Tips.UnitTest.Adapter, Version=10.0.0.0, Culture=neutral, PublicKeyToken=b03f5f7f11d50a3a" className="UnitTesting.UnitTest.UnitTestExampleTest, UnitTesting.Tests, Version=0.0.0.0, Culture=neutral, PublicKeyToken=null" name="CapitalizeReturnsOnlyLettersAndUnderscores226" />
    </UnitTest>
    <UnitTest name="GetFileContentUsingInterfaceThrowsInvalidOperationException909" storage="c:\users\administrator\.jenkins\jobs\unittesting\workspace\unittesting.tests\bin\debug\unittesting.tests.dll" id="b7f3efec-29a9-2716-6876-d6615fdd6aff">
      <Execution id="9738cea4-4547-4ead-9a49-43d194a476a1" />
      <TestMethod codeBase="C:/Users/Administrator/.jenkins/jobs/UnitTesting/workspace/UnitTesting.Tests/bin/Debug/UnitTesting.Tests.DLL" adapterTypeName="Microsoft.VisualStudio.TestTools.TestTypes.Unit.UnitTestAdapter, Microsoft.VisualStudio.QualityTools.Tips.UnitTest.Adapter, Version=10.0.0.0, Culture=neutral, PublicKeyToken=b03f5f7f11d50a3a" className="UnitTesting.UnitTest.UnitTestExampleTest, UnitTesting.Tests, Version=0.0.0.0, Culture=neutral, PublicKeyToken=null" name="GetFileContentUsingInterfaceThrowsInvalidOperationException909" />
    </UnitTest>
    <UnitTest name="Capitalize538" storage="c:\users\administrator\.jenkins\jobs\unittesting\workspace\unittesting.tests\bin\debug\unittesting.tests.dll" id="9586abf1-1916-656c-9f38-28806581572c">
      <Execution id="612ae5da-6c59-440d-81fa-38fa1b4159d5" />
      <TestMethod codeBase="C:/Users/Administrator/.jenkins/jobs/UnitTesting/workspace/UnitTesting.Tests/bin/Debug/UnitTesting.Tests.DLL" adapterTypeName="Microsoft.VisualStudio.TestTools.TestTypes.Unit.UnitTestAdapter, Microsoft.VisualStudio.QualityTools.Tips.UnitTest.Adapter, Version=10.0.0.0, Culture=neutral, PublicKeyToken=b03f5f7f11d50a3a" className="UnitTesting.UnitTest.UnitTestExampleTest, UnitTesting.Tests, Version=0.0.0.0, Culture=neutral, PublicKeyToken=null" name="Capitalize538" />
    </UnitTest>
    <UnitTest name="Capitalize439" storage="c:\users\administrator\.jenkins\jobs\unittesting\workspace\unittesting.tests\bin\debug\unittesting.tests.dll" id="857bbf81-c201-722e-80a2-55a1721ce552">
      <Execution id="53634348-262b-4489-90d5-f427aba37a6c" />
      <TestMethod codeBase="C:/Users/Administrator/.jenkins/jobs/UnitTesting/workspace/UnitTesting.Tests/bin/Debug/UnitTesting.Tests.DLL" adapterTypeName="Microsoft.VisualStudio.TestTools.TestTypes.Unit.UnitTestAdapter, Microsoft.VisualStudio.QualityTools.Tips.UnitTest.Adapter, Version=10.0.0.0, Culture=neutral, PublicKeyToken=b03f5f7f11d50a3a" className="UnitTesting.UnitTest.UnitTestExampleTest, UnitTesting.Tests, Version=0.0.0.0, Culture=neutral, PublicKeyToken=null" name="Capitalize439" />
    </UnitTest>
    <UnitTest name="CapitalizeMaintainsLettersCountThrowsArgumentNullException456" storage="c:\users\administrator\.jenkins\jobs\unittesting\workspace\unittesting.tests\bin\debug\unittesting.tests.dll" id="81125343-0239-d209-bf9d-1496e0388d56">
      <Execution id="a26975b6-053e-4637-94bc-2a1963634a65" />
      <TestMethod codeBase="C:/Users/Administrator/.jenkins/jobs/UnitTesting/workspace/UnitTesting.Tests/bin/Debug/UnitTesting.Tests.DLL" adapterTypeName="Microsoft.VisualStudio.TestTools.TestTypes.Unit.UnitTestAdapter, Microsoft.VisualStudio.QualityTools.Tips.UnitTest.Adapter, Version=10.0.0.0, Culture=neutral, PublicKeyToken=b03f5f7f11d50a3a" className="UnitTesting.UnitTest.UnitTestExampleTest, UnitTesting.Tests, Version=0.0.0.0, Culture=neutral, PublicKeyToken=null" name="CapitalizeMaintainsLettersCountThrowsArgumentNullException456" />
    </UnitTest>
    <UnitTest name="GetFileContent206" storage="c:\users\administrator\.jenkins\jobs\unittesting\workspace\unittesting.tests\bin\debug\unittesting.tests.dll" id="f215b841-a8ab-1789-85e6-22faabddcb98">
      <Execution id="44e425d5-6e54-4725-950d-d5f2caeb409a" />
      <TestMethod codeBase="C:/Users/Administrator/.jenkins/jobs/UnitTesting/workspace/UnitTesting.Tests/bin/Debug/UnitTesting.Tests.DLL" adapterTypeName="Microsoft.VisualStudio.TestTools.TestTypes.Unit.UnitTestAdapter, Microsoft.VisualStudio.QualityTools.Tips.UnitTest.Adapter, Version=10.0.0.0, Culture=neutral, PublicKeyToken=b03f5f7f11d50a3a" className="UnitTesting.UnitTest.UnitTestExampleTest, UnitTesting.Tests, Version=0.0.0.0, Culture=neutral, PublicKeyToken=null" name="GetFileContent206" />
    </UnitTest>
    <UnitTest name="CapitalizeMaintainsLettersCount364" storage="c:\users\administrator\.jenkins\jobs\unittesting\workspace\unittesting.tests\bin\debug\unittesting.tests.dll" id="18b99908-134d-eaec-b7ce-3c4508c39b13">
      <Execution id="269b607c-b06c-4fb8-8ad3-af918c78d107" />
      <TestMethod codeBase="C:/Users/Administrator/.jenkins/jobs/UnitTesting/workspace/UnitTesting.Tests/bin/Debug/UnitTesting.Tests.DLL" adapterTypeName="Microsoft.VisualStudio.TestTools.TestTypes.Unit.UnitTestAdapter, Microsoft.VisualStudio.QualityTools.Tips.UnitTest.Adapter, Version=10.0.0.0, Culture=neutral, PublicKeyToken=b03f5f7f11d50a3a" className="UnitTesting.UnitTest.UnitTestExampleTest, UnitTesting.Tests, Version=0.0.0.0, Culture=neutral, PublicKeyToken=null" name="CapitalizeMaintainsLettersCount364" />
    </UnitTest>
    <UnitTest name="Capitalize870" storage="c:\users\administrator\.jenkins\jobs\unittesting\workspace\unittesting.tests\bin\debug\unittesting.tests.dll" id="7fce61af-debc-9e65-89b8-b1bd9e05d829">
      <Execution id="edd21e91-283d-42f6-8ea2-afcb491339b0" />
      <TestMethod codeBase="C:/Users/Administrator/.jenkins/jobs/UnitTesting/workspace/UnitTesting.Tests/bin/Debug/UnitTesting.Tests.DLL" adapterTypeName="Microsoft.VisualStudio.TestTools.TestTypes.Unit.UnitTestAdapter, Microsoft.VisualStudio.QualityTools.Tips.UnitTest.Adapter, Version=10.0.0.0, Culture=neutral, PublicKeyToken=b03f5f7f11d50a3a" className="UnitTesting.UnitTest.UnitTestExampleTest, UnitTesting.Tests, Version=0.0.0.0, Culture=neutral, PublicKeyToken=null" name="Capitalize870" />
    </UnitTest>
    <UnitTest name="Capitalize727" storage="c:\users\administrator\.jenkins\jobs\unittesting\workspace\unittesting.tests\bin\debug\unittesting.tests.dll" id="32c50493-9e02-123b-352c-a193505a23db">
      <Execution id="7330dacd-5514-4963-871e-2ec528a5a901" />
      <TestMethod codeBase="C:/Users/Administrator/.jenkins/jobs/UnitTesting/workspace/UnitTesting.Tests/bin/Debug/UnitTesting.Tests.DLL" adapterTypeName="Microsoft.VisualStudio.TestTools.TestTypes.Unit.UnitTestAdapter, Microsoft.VisualStudio.QualityTools.Tips.UnitTest.Adapter, Version=10.0.0.0, Culture=neutral, PublicKeyToken=b03f5f7f11d50a3a" className="UnitTesting.UnitTest.UnitTestExampleTest, UnitTesting.Tests, Version=0.0.0.0, Culture=neutral, PublicKeyToken=null" name="Capitalize727" />
    </UnitTest>
    <UnitTest name="Capitalize426" storage="c:\users\administrator\.jenkins\jobs\unittesting\workspace\unittesting.tests\bin\debug\unittesting.tests.dll" id="9f32a9ae-e02c-81cb-f60b-a304fec5965a">
      <Execution id="34e90225-984d-41ee-ab75-102cdbb15152" />
      <TestMethod codeBase="C:/Users/Administrator/.jenkins/jobs/UnitTesting/workspace/UnitTesting.Tests/bin/Debug/UnitTesting.Tests.DLL" adapterTypeName="Microsoft.VisualStudio.TestTools.TestTypes.Unit.UnitTestAdapter, Microsoft.VisualStudio.QualityTools.Tips.UnitTest.Adapter, Version=10.0.0.0, Culture=neutral, PublicKeyToken=b03f5f7f11d50a3a" className="UnitTesting.UnitTest.UnitTestExampleTest, UnitTesting.Tests, Version=0.0.0.0, Culture=neutral, PublicKeyToken=null" name="Capitalize426" />
    </UnitTest>
    <UnitTest name="CapitalizeWillNotCapitalizeAgain526" storage="c:\users\administrator\.jenkins\jobs\unittesting\workspace\unittesting.tests\bin\debug\unittesting.tests.dll" id="7a701d9e-d838-3de2-cf93-bbc6eea0334a">
      <Execution id="bbfa55ba-54e6-4f3f-ba21-7bef169aaafa" />
      <TestMethod codeBase="C:/Users/Administrator/.jenkins/jobs/UnitTesting/workspace/UnitTesting.Tests/bin/Debug/UnitTesting.Tests.DLL" adapterTypeName="Microsoft.VisualStudio.TestTools.TestTypes.Unit.UnitTestAdapter, Microsoft.VisualStudio.QualityTools.Tips.UnitTest.Adapter, Version=10.0.0.0, Culture=neutral, PublicKeyToken=b03f5f7f11d50a3a" className="UnitTesting.UnitTest.UnitTestExampleTest, UnitTesting.Tests, Version=0.0.0.0, Culture=neutral, PublicKeyToken=null" name="CapitalizeWillNotCapitalizeAgain526" />
    </UnitTest>
    <UnitTest name="CapitalizeMaintainsLettersCount396" storage="c:\users\administrator\.jenkins\jobs\unittesting\workspace\unittesting.tests\bin\debug\unittesting.tests.dll" id="44e631e4-b5d7-181f-4d68-fd8e770558c9">
      <Execution id="977f5cc7-3ec6-4476-a81e-5547929084ed" />
      <TestMethod codeBase="C:/Users/Administrator/.jenkins/jobs/UnitTesting/workspace/UnitTesting.Tests/bin/Debug/UnitTesting.Tests.DLL" adapterTypeName="Microsoft.VisualStudio.TestTools.TestTypes.Unit.UnitTestAdapter, Microsoft.VisualStudio.QualityTools.Tips.UnitTest.Adapter, Version=10.0.0.0, Culture=neutral, PublicKeyToken=b03f5f7f11d50a3a" className="UnitTesting.UnitTest.UnitTestExampleTest, UnitTesting.Tests, Version=0.0.0.0, Culture=neutral, PublicKeyToken=null" name="CapitalizeMaintainsLettersCount396" />
    </UnitTest>
    <UnitTest name="Capitalize393" storage="c:\users\administrator\.jenkins\jobs\unittesting\workspace\unittesting.tests\bin\debug\unittesting.tests.dll" id="1c305f0e-2122-82a0-fa35-359f2155ea13">
      <Execution id="8c6e4c2c-1cb9-4527-baac-9d6045c05a26" />
      <TestMethod codeBase="C:/Users/Administrator/.jenkins/jobs/UnitTesting/workspace/UnitTesting.Tests/bin/Debug/UnitTesting.Tests.DLL" adapterTypeName="Microsoft.VisualStudio.TestTools.TestTypes.Unit.UnitTestAdapter, Microsoft.VisualStudio.QualityTools.Tips.UnitTest.Adapter, Version=10.0.0.0, Culture=neutral, PublicKeyToken=b03f5f7f11d50a3a" className="UnitTesting.UnitTest.UnitTestExampleTest, UnitTesting.Tests, Version=0.0.0.0, Culture=neutral, PublicKeyToken=null" name="Capitalize393" />
    </UnitTest>
    <UnitTest name="CapitalizeReturnsOnlyLettersAndUnderscores467" storage="c:\users\administrator\.jenkins\jobs\unittesting\workspace\unittesting.tests\bin\debug\unittesting.tests.dll" id="3bcaf3e5-14e0-4491-ddba-1741f472a94c">
      <Execution id="17263fb1-0dc3-496b-82a0-bb228b4edbb5" />
      <TestMethod codeBase="C:/Users/Administrator/.jenkins/jobs/UnitTesting/workspace/UnitTesting.Tests/bin/Debug/UnitTesting.Tests.DLL" adapterTypeName="Microsoft.VisualStudio.TestTools.TestTypes.Unit.UnitTestAdapter, Microsoft.VisualStudio.QualityTools.Tips.UnitTest.Adapter, Version=10.0.0.0, Culture=neutral, PublicKeyToken=b03f5f7f11d50a3a" className="UnitTesting.UnitTest.UnitTestExampleTest, UnitTesting.Tests, Version=0.0.0.0, Culture=neutral, PublicKeyToken=null" name="CapitalizeReturnsOnlyLettersAndUnderscores467" />
    </UnitTest>
    <UnitTest name="CapitalizeReturnsOnlyLettersAndUnderscores868" storage="c:\users\administrator\.jenkins\jobs\unittesting\workspace\unittesting.tests\bin\debug\unittesting.tests.dll" id="79c80897-a058-67d7-18d0-da5398d6323f">
      <Execution id="b7b85a1e-0734-45d8-b501-9c90a3a8ad88" />
      <TestMethod codeBase="C:/Users/Administrator/.jenkins/jobs/UnitTesting/workspace/UnitTesting.Tests/bin/Debug/UnitTesting.Tests.DLL" adapterTypeName="Microsoft.VisualStudio.TestTools.TestTypes.Unit.UnitTestAdapter, Microsoft.VisualStudio.QualityTools.Tips.UnitTest.Adapter, Version=10.0.0.0, Culture=neutral, PublicKeyToken=b03f5f7f11d50a3a" className="UnitTesting.UnitTest.UnitTestExampleTest, UnitTesting.Tests, Version=0.0.0.0, Culture=neutral, PublicKeyToken=null" name="CapitalizeReturnsOnlyLettersAndUnderscores868" />
    </UnitTest>
    <UnitTest name="CapitalizeMaintainsLettersCount152" storage="c:\users\administrator\.jenkins\jobs\unittesting\workspace\unittesting.tests\bin\debug\unittesting.tests.dll" id="7a794a80-a2cd-4190-4d8a-aa1521646eac">
      <Execution id="57cef009-57d6-450f-8ea6-eba8882171fb" />
      <TestMethod codeBase="C:/Users/Administrator/.jenkins/jobs/UnitTesting/workspace/UnitTesting.Tests/bin/Debug/UnitTesting.Tests.DLL" adapterTypeName="Microsoft.VisualStudio.TestTools.TestTypes.Unit.UnitTestAdapter, Microsoft.VisualStudio.QualityTools.Tips.UnitTest.Adapter, Version=10.0.0.0, Culture=neutral, PublicKeyToken=b03f5f7f11d50a3a" className="UnitTesting.UnitTest.UnitTestExampleTest, UnitTesting.Tests, Version=0.0.0.0, Culture=neutral, PublicKeyToken=null" name="CapitalizeMaintainsLettersCount152" />
    </UnitTest>
    <UnitTest name="Capitalize669" storage="c:\users\administrator\.jenkins\jobs\unittesting\workspace\unittesting.tests\bin\debug\unittesting.tests.dll" id="0b0cda2d-4418-34d5-7f36-05a75b09f624">
      <Execution id="8e95aa06-8793-47fe-93e7-927814052b38" />
      <TestMethod codeBase="C:/Users/Administrator/.jenkins/jobs/UnitTesting/workspace/UnitTesting.Tests/bin/Debug/UnitTesting.Tests.DLL" adapterTypeName="Microsoft.VisualStudio.TestTools.TestTypes.Unit.UnitTestAdapter, Microsoft.VisualStudio.QualityTools.Tips.UnitTest.Adapter, Version=10.0.0.0, Culture=neutral, PublicKeyToken=b03f5f7f11d50a3a" className="UnitTesting.UnitTest.UnitTestExampleTest, UnitTesting.Tests, Version=0.0.0.0, Culture=neutral, PublicKeyToken=null" name="Capitalize669" />
    </UnitTest>
    <UnitTest name="CapitalizeWillNotCapitalizeAgain152" storage="c:\users\administrator\.jenkins\jobs\unittesting\workspace\unittesting.tests\bin\debug\unittesting.tests.dll" id="940408a2-0424-231e-5ec0-96321f043a67">
      <Execution id="5780bb90-ab7f-4018-b5b7-22d88e1d5ab0" />
      <TestMethod codeBase="C:/Users/Administrator/.jenkins/jobs/UnitTesting/workspace/UnitTesting.Tests/bin/Debug/UnitTesting.Tests.DLL" adapterTypeName="Microsoft.VisualStudio.TestTools.TestTypes.Unit.UnitTestAdapter, Microsoft.VisualStudio.QualityTools.Tips.UnitTest.Adapter, Version=10.0.0.0, Culture=neutral, PublicKeyToken=b03f5f7f11d50a3a" className="UnitTesting.UnitTest.UnitTestExampleTest, UnitTesting.Tests, Version=0.0.0.0, Culture=neutral, PublicKeyToken=null" name="CapitalizeWillNotCapitalizeAgain152" />
    </UnitTest>
    <UnitTest name="CapitalizeReturnsOnlyLettersAndUnderscores364" storage="c:\users\administrator\.jenkins\jobs\unittesting\workspace\unittesting.tests\bin\debug\unittesting.tests.dll" id="3d403cbb-7b5d-6219-f8e7-8111151e0d92">
      <Execution id="516079f3-9b8b-4932-854b-2cc81162d541" />
      <TestMethod codeBase="C:/Users/Administrator/.jenkins/jobs/UnitTesting/workspace/UnitTesting.Tests/bin/Debug/UnitTesting.Tests.DLL" adapterTypeName="Microsoft.VisualStudio.TestTools.TestTypes.Unit.UnitTestAdapter, Microsoft.VisualStudio.QualityTools.Tips.UnitTest.Adapter, Version=10.0.0.0, Culture=neutral, PublicKeyToken=b03f5f7f11d50a3a" className="UnitTesting.UnitTest.UnitTestExampleTest, UnitTesting.Tests, Version=0.0.0.0, Culture=neutral, PublicKeyToken=null" name="CapitalizeReturnsOnlyLettersAndUnderscores364" />
    </UnitTest>
    <UnitTest name="Capitalize983" storage="c:\users\administrator\.jenkins\jobs\unittesting\workspace\unittesting.tests\bin\debug\unittesting.tests.dll" id="11673649-73ef-a18d-789f-eb42fbbc4c39">
      <Execution id="04c65676-01fe-4b4b-8f2d-57b843372571" />
      <TestMethod codeBase="C:/Users/Administrator/.jenkins/jobs/UnitTesting/workspace/UnitTesting.Tests/bin/Debug/UnitTesting.Tests.DLL" adapterTypeName="Microsoft.VisualStudio.TestTools.TestTypes.Unit.UnitTestAdapter, Microsoft.VisualStudio.QualityTools.Tips.UnitTest.Adapter, Version=10.0.0.0, Culture=neutral, PublicKeyToken=b03f5f7f11d50a3a" className="UnitTesting.UnitTest.UnitTestExampleTest, UnitTesting.Tests, Version=0.0.0.0, Culture=neutral, PublicKeyToken=null" name="Capitalize983" />
    </UnitTest>
    <UnitTest name="CapitalizeMaintainsLettersCount526" storage="c:\users\administrator\.jenkins\jobs\unittesting\workspace\unittesting.tests\bin\debug\unittesting.tests.dll" id="00b5d9cb-87e8-aafa-92ff-76361c36953e">
      <Execution id="edebfa19-7d20-4094-946d-c7e7f6f1f01f" />
      <TestMethod codeBase="C:/Users/Administrator/.jenkins/jobs/UnitTesting/workspace/UnitTesting.Tests/bin/Debug/UnitTesting.Tests.DLL" adapterTypeName="Microsoft.VisualStudio.TestTools.TestTypes.Unit.UnitTestAdapter, Microsoft.VisualStudio.QualityTools.Tips.UnitTest.Adapter, Version=10.0.0.0, Culture=neutral, PublicKeyToken=b03f5f7f11d50a3a" className="UnitTesting.UnitTest.UnitTestExampleTest, UnitTesting.Tests, Version=0.0.0.0, Culture=neutral, PublicKeyToken=null" name="CapitalizeMaintainsLettersCount526" />
    </UnitTest>
    <UnitTest name="CapitalizeWillNotCapitalizeAgain922" storage="c:\users\administrator\.jenkins\jobs\unittesting\workspace\unittesting.tests\bin\debug\unittesting.tests.dll" id="cb1d8462-afb3-7f94-91df-965237b709e4">
      <Execution id="ef790518-cc11-465f-abd2-febf4bcba65b" />
      <TestMethod codeBase="C:/Users/Administrator/.jenkins/jobs/UnitTesting/workspace/UnitTesting.Tests/bin/Debug/UnitTesting.Tests.DLL" adapterTypeName="Microsoft.VisualStudio.TestTools.TestTypes.Unit.UnitTestAdapter, Microsoft.VisualStudio.QualityTools.Tips.UnitTest.Adapter, Version=10.0.0.0, Culture=neutral, PublicKeyToken=b03f5f7f11d50a3a" className="UnitTesting.UnitTest.UnitTestExampleTest, UnitTesting.Tests, Version=0.0.0.0, Culture=neutral, PublicKeyToken=null" name="CapitalizeWillNotCapitalizeAgain922" />
    </UnitTest>
    <UnitTest name="CapitalizeReturnsOnlyLettersAndUnderscores922" storage="c:\users\administrator\.jenkins\jobs\unittesting\workspace\unittesting.tests\bin\debug\unittesting.tests.dll" id="ffc272b0-94bb-5a6b-af71-ab673aa3d28d">
      <Execution id="311ff8f7-4e7d-48d8-8550-ac842bc8bd47" />
      <TestMethod codeBase="C:/Users/Administrator/.jenkins/jobs/UnitTesting/workspace/UnitTesting.Tests/bin/Debug/UnitTesting.Tests.DLL" adapterTypeName="Microsoft.VisualStudio.TestTools.TestTypes.Unit.UnitTestAdapter, Microsoft.VisualStudio.QualityTools.Tips.UnitTest.Adapter, Version=10.0.0.0, Culture=neutral, PublicKeyToken=b03f5f7f11d50a3a" className="UnitTesting.UnitTest.UnitTestExampleTest, UnitTesting.Tests, Version=0.0.0.0, Culture=neutral, PublicKeyToken=null" name="CapitalizeReturnsOnlyLettersAndUnderscores922" />
    </UnitTest>
    <UnitTest name="CapitalizeReturnsOnlyLettersAndUnderscores526" storage="c:\users\administrator\.jenkins\jobs\unittesting\workspace\unittesting.tests\bin\debug\unittesting.tests.dll" id="9ba2d526-786a-1bbf-7afc-8ac7d326b2c1">
      <Execution id="0a98184f-c9d0-4d1e-88cc-59e38fb2bb3f" />
      <TestMethod codeBase="C:/Users/Administrator/.jenkins/jobs/UnitTesting/workspace/UnitTesting.Tests/bin/Debug/UnitTesting.Tests.DLL" adapterTypeName="Microsoft.VisualStudio.TestTools.TestTypes.Unit.UnitTestAdapter, Microsoft.VisualStudio.QualityTools.Tips.UnitTest.Adapter, Version=10.0.0.0, Culture=neutral, PublicKeyToken=b03f5f7f11d50a3a" className="UnitTesting.UnitTest.UnitTestExampleTest, UnitTesting.Tests, Version=0.0.0.0, Culture=neutral, PublicKeyToken=null" name="CapitalizeReturnsOnlyLettersAndUnderscores526" />
    </UnitTest>
    <UnitTest name="Capitalize411" storage="c:\users\administrator\.jenkins\jobs\unittesting\workspace\unittesting.tests\bin\debug\unittesting.tests.dll" id="6244c7a8-f694-792b-71e3-31800aa56da7">
      <Execution id="e110734c-b9b2-4308-91aa-97006229fcaf" />
      <TestMethod codeBase="C:/Users/Administrator/.jenkins/jobs/UnitTesting/workspace/UnitTesting.Tests/bin/Debug/UnitTesting.Tests.DLL" adapterTypeName="Microsoft.VisualStudio.TestTools.TestTypes.Unit.UnitTestAdapter, Microsoft.VisualStudio.QualityTools.Tips.UnitTest.Adapter, Version=10.0.0.0, Culture=neutral, PublicKeyToken=b03f5f7f11d50a3a" className="UnitTesting.UnitTest.UnitTestExampleTest, UnitTesting.Tests, Version=0.0.0.0, Culture=neutral, PublicKeyToken=null" name="Capitalize411" />
    </UnitTest>
    <UnitTest name="CapitalizeWillNotCapitalizeAgainThrowsArgumentNullException94" storage="c:\users\administrator\.jenkins\jobs\unittesting\workspace\unittesting.tests\bin\debug\unittesting.tests.dll" id="d74eabe9-3c22-076f-f9e5-e0fcd1dd212b">
      <Execution id="e4e28ba0-105f-4e05-aafd-fcba0a3f5aa6" />
      <TestMethod codeBase="C:/Users/Administrator/.jenkins/jobs/UnitTesting/workspace/UnitTesting.Tests/bin/Debug/UnitTesting.Tests.DLL" adapterTypeName="Microsoft.VisualStudio.TestTools.TestTypes.Unit.UnitTestAdapter, Microsoft.VisualStudio.QualityTools.Tips.UnitTest.Adapter, Version=10.0.0.0, Culture=neutral, PublicKeyToken=b03f5f7f11d50a3a" className="UnitTesting.UnitTest.UnitTestExampleTest, UnitTesting.Tests, Version=0.0.0.0, Culture=neutral, PublicKeyToken=null" name="CapitalizeWillNotCapitalizeAgainThrowsArgumentNullException94" />
    </UnitTest>
    <UnitTest name="CapitalizeThrowsArgumentNullException431" storage="c:\users\administrator\.jenkins\jobs\unittesting\workspace\unittesting.tests\bin\debug\unittesting.tests.dll" id="fe6f916b-813b-de9a-ba5e-a4dae929bd33">
      <Execution id="d07b0bd5-48b5-4856-a96d-ef4ff52c7cc2" />
      <TestMethod codeBase="C:/Users/Administrator/.jenkins/jobs/UnitTesting/workspace/UnitTesting.Tests/bin/Debug/UnitTesting.Tests.DLL" adapterTypeName="Microsoft.VisualStudio.TestTools.TestTypes.Unit.UnitTestAdapter, Microsoft.VisualStudio.QualityTools.Tips.UnitTest.Adapter, Version=10.0.0.0, Culture=neutral, PublicKeyToken=b03f5f7f11d50a3a" className="UnitTesting.UnitTest.UnitTestExampleTest, UnitTesting.Tests, Version=0.0.0.0, Culture=neutral, PublicKeyToken=null" name="CapitalizeThrowsArgumentNullException431" />
    </UnitTest>
    <UnitTest name="CapitalizeMaintainsLettersCount217" storage="c:\users\administrator\.jenkins\jobs\unittesting\workspace\unittesting.tests\bin\debug\unittesting.tests.dll" id="970f2100-c46d-c075-9bcf-514836a4ac8f">
      <Execution id="a3ddcac9-fb67-453a-89ef-01b6866e0521" />
      <TestMethod codeBase="C:/Users/Administrator/.jenkins/jobs/UnitTesting/workspace/UnitTesting.Tests/bin/Debug/UnitTesting.Tests.DLL" adapterTypeName="Microsoft.VisualStudio.TestTools.TestTypes.Unit.UnitTestAdapter, Microsoft.VisualStudio.QualityTools.Tips.UnitTest.Adapter, Version=10.0.0.0, Culture=neutral, PublicKeyToken=b03f5f7f11d50a3a" className="UnitTesting.UnitTest.UnitTestExampleTest, UnitTesting.Tests, Version=0.0.0.0, Culture=neutral, PublicKeyToken=null" name="CapitalizeMaintainsLettersCount217" />
    </UnitTest>
    <UnitTest name="CapitalizeMaintainsLettersCount554" storage="c:\users\administrator\.jenkins\jobs\unittesting\workspace\unittesting.tests\bin\debug\unittesting.tests.dll" id="11eac963-cd48-c63a-1e13-706bb87c650d">
      <Execution id="0d8109ec-1129-493d-b2ca-07c0eb9e8e40" />
      <TestMethod codeBase="C:/Users/Administrator/.jenkins/jobs/UnitTesting/workspace/UnitTesting.Tests/bin/Debug/UnitTesting.Tests.DLL" adapterTypeName="Microsoft.VisualStudio.TestTools.TestTypes.Unit.UnitTestAdapter, Microsoft.VisualStudio.QualityTools.Tips.UnitTest.Adapter, Version=10.0.0.0, Culture=neutral, PublicKeyToken=b03f5f7f11d50a3a" className="UnitTesting.UnitTest.UnitTestExampleTest, UnitTesting.Tests, Version=0.0.0.0, Culture=neutral, PublicKeyToken=null" name="CapitalizeMaintainsLettersCount554" />
    </UnitTest>
    <UnitTest name="CapitalizeReturnsOnlyLettersAndUnderscores396" storage="c:\users\administrator\.jenkins\jobs\unittesting\workspace\unittesting.tests\bin\debug\unittesting.tests.dll" id="e9efd049-7300-2d2c-d54e-7e46c4383668">
      <Execution id="b80b3939-8d86-46f1-b572-b7f4a270b008" />
      <TestMethod codeBase="C:/Users/Administrator/.jenkins/jobs/UnitTesting/workspace/UnitTesting.Tests/bin/Debug/UnitTesting.Tests.DLL" adapterTypeName="Microsoft.VisualStudio.TestTools.TestTypes.Unit.UnitTestAdapter, Microsoft.VisualStudio.QualityTools.Tips.UnitTest.Adapter, Version=10.0.0.0, Culture=neutral, PublicKeyToken=b03f5f7f11d50a3a" className="UnitTesting.UnitTest.UnitTestExampleTest, UnitTesting.Tests, Version=0.0.0.0, Culture=neutral, PublicKeyToken=null" name="CapitalizeReturnsOnlyLettersAndUnderscores396" />
    </UnitTest>
    <UnitTest name="CapitalizeReturnsOnlyLettersAndUnderscores152" storage="c:\users\administrator\.jenkins\jobs\unittesting\workspace\unittesting.tests\bin\debug\unittesting.tests.dll" id="56298f22-4179-f485-78de-86a5d60a5d08">
      <Execution id="f7519922-7e78-4584-b5d2-b0e68dedb99d" />
      <TestMethod codeBase="C:/Users/Administrator/.jenkins/jobs/UnitTesting/workspace/UnitTesting.Tests/bin/Debug/UnitTesting.Tests.DLL" adapterTypeName="Microsoft.VisualStudio.TestTools.TestTypes.Unit.UnitTestAdapter, Microsoft.VisualStudio.QualityTools.Tips.UnitTest.Adapter, Version=10.0.0.0, Culture=neutral, PublicKeyToken=b03f5f7f11d50a3a" className="UnitTesting.UnitTest.UnitTestExampleTest, UnitTesting.Tests, Version=0.0.0.0, Culture=neutral, PublicKeyToken=null" name="CapitalizeReturnsOnlyLettersAndUnderscores152" />
    </UnitTest>
    <UnitTest name="GetFileContentThrowsInvalidOperationException289" storage="c:\users\administrator\.jenkins\jobs\unittesting\workspace\unittesting.tests\bin\debug\unittesting.tests.dll" id="1140ad8a-5782-5964-5512-0068887264c1">
      <Execution id="46dd4783-de24-4bb5-97d0-870a33d583d0" />
      <TestMethod codeBase="C:/Users/Administrator/.jenkins/jobs/UnitTesting/workspace/UnitTesting.Tests/bin/Debug/UnitTesting.Tests.DLL" adapterTypeName="Microsoft.VisualStudio.TestTools.TestTypes.Unit.UnitTestAdapter, Microsoft.VisualStudio.QualityTools.Tips.UnitTest.Adapter, Version=10.0.0.0, Culture=neutral, PublicKeyToken=b03f5f7f11d50a3a" className="UnitTesting.UnitTest.UnitTestExampleTest, UnitTesting.Tests, Version=0.0.0.0, Culture=neutral, PublicKeyToken=null" name="GetFileContentThrowsInvalidOperationException289" />
    </UnitTest>
    <UnitTest name="GetFileContentUsingInterface206" storage="c:\users\administrator\.jenkins\jobs\unittesting\workspace\unittesting.tests\bin\debug\unittesting.tests.dll" id="1ede0e4d-9b27-4da5-e515-ea6117bec58e">
      <Execution id="8308a239-b637-477e-86a5-9eb148680946" />
      <TestMethod codeBase="C:/Users/Administrator/.jenkins/jobs/UnitTesting/workspace/UnitTesting.Tests/bin/Debug/UnitTesting.Tests.DLL" adapterTypeName="Microsoft.VisualStudio.TestTools.TestTypes.Unit.UnitTestAdapter, Microsoft.VisualStudio.QualityTools.Tips.UnitTest.Adapter, Version=10.0.0.0, Culture=neutral, PublicKeyToken=b03f5f7f11d50a3a" className="UnitTesting.UnitTest.UnitTestExampleTest, UnitTesting.Tests, Version=0.0.0.0, Culture=neutral, PublicKeyToken=null" name="GetFileContentUsingInterface206" />
    </UnitTest>
    <UnitTest name="Capitalize630" storage="c:\users\administrator\.jenkins\jobs\unittesting\workspace\unittesting.tests\bin\debug\unittesting.tests.dll" id="d12dbe24-1c39-68f0-8ad8-90a9466ffcc8">
      <Execution id="a385d71f-3fd9-4056-9eab-b308febfe353" />
      <TestMethod codeBase="C:/Users/Administrator/.jenkins/jobs/UnitTesting/workspace/UnitTesting.Tests/bin/Debug/UnitTesting.Tests.DLL" adapterTypeName="Microsoft.VisualStudio.TestTools.TestTypes.Unit.UnitTestAdapter, Microsoft.VisualStudio.QualityTools.Tips.UnitTest.Adapter, Version=10.0.0.0, Culture=neutral, PublicKeyToken=b03f5f7f11d50a3a" className="UnitTesting.UnitTest.UnitTestExampleTest, UnitTesting.Tests, Version=0.0.0.0, Culture=neutral, PublicKeyToken=null" name="Capitalize630" />
    </UnitTest>
    <UnitTest name="CapitalizeWillNotCapitalizeAgain154" storage="c:\users\administrator\.jenkins\jobs\unittesting\workspace\unittesting.tests\bin\debug\unittesting.tests.dll" id="a7c0bbe4-08c3-8d20-5f9f-61ce3c31ff08">
      <Execution id="f5ea1124-7c39-4d7b-90e7-fa3aee16b001" />
      <TestMethod codeBase="C:/Users/Administrator/.jenkins/jobs/UnitTesting/workspace/UnitTesting.Tests/bin/Debug/UnitTesting.Tests.DLL" adapterTypeName="Microsoft.VisualStudio.TestTools.TestTypes.Unit.UnitTestAdapter, Microsoft.VisualStudio.QualityTools.Tips.UnitTest.Adapter, Version=10.0.0.0, Culture=neutral, PublicKeyToken=b03f5f7f11d50a3a" className="UnitTesting.UnitTest.UnitTestExampleTest, UnitTesting.Tests, Version=0.0.0.0, Culture=neutral, PublicKeyToken=null" name="CapitalizeWillNotCapitalizeAgain154" />
    </UnitTest>
    <UnitTest name="CapitalizeReturnsOnlyLettersAndUnderscores747" storage="c:\users\administrator\.jenkins\jobs\unittesting\workspace\unittesting.tests\bin\debug\unittesting.tests.dll" id="ac8a02b8-4520-7126-d606-4c06713cd247">
      <Execution id="2879d7c9-4913-4fc5-821d-2b867e65e328" />
      <TestMethod codeBase="C:/Users/Administrator/.jenkins/jobs/UnitTesting/workspace/UnitTesting.Tests/bin/Debug/UnitTesting.Tests.DLL" adapterTypeName="Microsoft.VisualStudio.TestTools.TestTypes.Unit.UnitTestAdapter, Microsoft.VisualStudio.QualityTools.Tips.UnitTest.Adapter, Version=10.0.0.0, Culture=neutral, PublicKeyToken=b03f5f7f11d50a3a" className="UnitTesting.UnitTest.UnitTestExampleTest, UnitTesting.Tests, Version=0.0.0.0, Culture=neutral, PublicKeyToken=null" name="CapitalizeReturnsOnlyLettersAndUnderscores747" />
    </UnitTest>
    <UnitTest name="CapitalizeReturnsOnlyLettersAndUnderscores18" storage="c:\users\administrator\.jenkins\jobs\unittesting\workspace\unittesting.tests\bin\debug\unittesting.tests.dll" id="6d5815c6-23ba-5872-a43b-ee95a3b341b4">
      <Execution id="d9545cc4-9be4-4175-9757-63977a75f79d" />
      <TestMethod codeBase="C:/Users/Administrator/.jenkins/jobs/UnitTesting/workspace/UnitTesting.Tests/bin/Debug/UnitTesting.Tests.DLL" adapterTypeName="Microsoft.VisualStudio.TestTools.TestTypes.Unit.UnitTestAdapter, Microsoft.VisualStudio.QualityTools.Tips.UnitTest.Adapter, Version=10.0.0.0, Culture=neutral, PublicKeyToken=b03f5f7f11d50a3a" className="UnitTesting.UnitTest.UnitTestExampleTest, UnitTesting.Tests, Version=0.0.0.0, Culture=neutral, PublicKeyToken=null" name="CapitalizeReturnsOnlyLettersAndUnderscores18" />
    </UnitTest>
    <UnitTest name="CapitalizeMaintainsLettersCount922" storage="c:\users\administrator\.jenkins\jobs\unittesting\workspace\unittesting.tests\bin\debug\unittesting.tests.dll" id="fd22e181-5e6b-b782-2fee-13e8f5775f21">
      <Execution id="1f268b42-f3a7-4e75-a2a7-04c4f348d3c2" />
      <TestMethod codeBase="C:/Users/Administrator/.jenkins/jobs/UnitTesting/workspace/UnitTesting.Tests/bin/Debug/UnitTesting.Tests.DLL" adapterTypeName="Microsoft.VisualStudio.TestTools.TestTypes.Unit.UnitTestAdapter, Microsoft.VisualStudio.QualityTools.Tips.UnitTest.Adapter, Version=10.0.0.0, Culture=neutral, PublicKeyToken=b03f5f7f11d50a3a" className="UnitTesting.UnitTest.UnitTestExampleTest, UnitTesting.Tests, Version=0.0.0.0, Culture=neutral, PublicKeyToken=null" name="CapitalizeMaintainsLettersCount922" />
    </UnitTest>
    <UnitTest name="CapitalizeReturnsOnlyLettersAndUnderscores217" storage="c:\users\administrator\.jenkins\jobs\unittesting\workspace\unittesting.tests\bin\debug\unittesting.tests.dll" id="2b4f90dd-c5b0-f0cd-a882-7c4135cabb3d">
      <Execution id="93296d73-ea95-49a2-a1eb-4e8d4f970051" />
      <TestMethod codeBase="C:/Users/Administrator/.jenkins/jobs/UnitTesting/workspace/UnitTesting.Tests/bin/Debug/UnitTesting.Tests.DLL" adapterTypeName="Microsoft.VisualStudio.TestTools.TestTypes.Unit.UnitTestAdapter, Microsoft.VisualStudio.QualityTools.Tips.UnitTest.Adapter, Version=10.0.0.0, Culture=neutral, PublicKeyToken=b03f5f7f11d50a3a" className="UnitTesting.UnitTest.UnitTestExampleTest, UnitTesting.Tests, Version=0.0.0.0, Culture=neutral, PublicKeyToken=null" name="CapitalizeReturnsOnlyLettersAndUnderscores217" />
    </UnitTest>
    <UnitTest name="GetFileContentThrowsInvalidOperationException872" storage="c:\users\administrator\.jenkins\jobs\unittesting\workspace\unittesting.tests\bin\debug\unittesting.tests.dll" id="ccdcdfdf-bf29-e3bd-24a2-1e04c71e9f65">
      <Execution id="bbfc5055-a45f-46f3-a3f5-1aa36be9d94d" />
      <TestMethod codeBase="C:/Users/Administrator/.jenkins/jobs/UnitTesting/workspace/UnitTesting.Tests/bin/Debug/UnitTesting.Tests.DLL" adapterTypeName="Microsoft.VisualStudio.TestTools.TestTypes.Unit.UnitTestAdapter, Microsoft.VisualStudio.QualityTools.Tips.UnitTest.Adapter, Version=10.0.0.0, Culture=neutral, PublicKeyToken=b03f5f7f11d50a3a" className="UnitTesting.UnitTest.UnitTestExampleTest, UnitTesting.Tests, Version=0.0.0.0, Culture=neutral, PublicKeyToken=null" name="GetFileContentThrowsInvalidOperationException872" />
    </UnitTest>
    <UnitTest name="CapitalizeWillNotCapitalizeAgain396" storage="c:\users\administrator\.jenkins\jobs\unittesting\workspace\unittesting.tests\bin\debug\unittesting.tests.dll" id="1d31fac9-138c-bfce-9b5a-615340ab0790">
      <Execution id="22d246a6-89c8-4334-8cbe-cfc2860028e1" />
      <TestMethod codeBase="C:/Users/Administrator/.jenkins/jobs/UnitTesting/workspace/UnitTesting.Tests/bin/Debug/UnitTesting.Tests.DLL" adapterTypeName="Microsoft.VisualStudio.TestTools.TestTypes.Unit.UnitTestAdapter, Microsoft.VisualStudio.QualityTools.Tips.UnitTest.Adapter, Version=10.0.0.0, Culture=neutral, PublicKeyToken=b03f5f7f11d50a3a" className="UnitTesting.UnitTest.UnitTestExampleTest, UnitTesting.Tests, Version=0.0.0.0, Culture=neutral, PublicKeyToken=null" name="CapitalizeWillNotCapitalizeAgain396" />
    </UnitTest>
    <UnitTest name="GetFileContentUsingInterfaceThrowsInvalidOperationException870" storage="c:\users\administrator\.jenkins\jobs\unittesting\workspace\unittesting.tests\bin\debug\unittesting.tests.dll" id="bcd71365-5244-6bf9-3d45-d722213ec6d7">
      <Execution id="c4d02d2b-c097-44de-b9c2-feb2fdce9aa3" />
      <TestMethod codeBase="C:/Users/Administrator/.jenkins/jobs/UnitTesting/workspace/UnitTesting.Tests/bin/Debug/UnitTesting.Tests.DLL" adapterTypeName="Microsoft.VisualStudio.TestTools.TestTypes.Unit.UnitTestAdapter, Microsoft.VisualStudio.QualityTools.Tips.UnitTest.Adapter, Version=10.0.0.0, Culture=neutral, PublicKeyToken=b03f5f7f11d50a3a" className="UnitTesting.UnitTest.UnitTestExampleTest, UnitTesting.Tests, Version=0.0.0.0, Culture=neutral, PublicKeyToken=null" name="GetFileContentUsingInterfaceThrowsInvalidOperationException870" />
    </UnitTest>
    <UnitTest name="CapitalizeMaintainsLettersCount783" storage="c:\users\administrator\.jenkins\jobs\unittesting\workspace\unittesting.tests\bin\debug\unittesting.tests.dll" id="ad1bedc1-a5c7-fbcd-57b0-3501001d2c43">
      <Execution id="59fe761a-abe1-4418-b5dc-864030146c3f" />
      <TestMethod codeBase="C:/Users/Administrator/.jenkins/jobs/UnitTesting/workspace/UnitTesting.Tests/bin/Debug/UnitTesting.Tests.DLL" adapterTypeName="Microsoft.VisualStudio.TestTools.TestTypes.Unit.UnitTestAdapter, Microsoft.VisualStudio.QualityTools.Tips.UnitTest.Adapter, Version=10.0.0.0, Culture=neutral, PublicKeyToken=b03f5f7f11d50a3a" className="UnitTesting.UnitTest.UnitTestExampleTest, UnitTesting.Tests, Version=0.0.0.0, Culture=neutral, PublicKeyToken=null" name="CapitalizeMaintainsLettersCount783" />
    </UnitTest>
    <UnitTest name="CapitalizeReturnsOnlyLettersAndUnderscoresThrowsArgumentNullException34" storage="c:\users\administrator\.jenkins\jobs\unittesting\workspace\unittesting.tests\bin\debug\unittesting.tests.dll" id="2c9cbc39-1930-d32a-c417-d9c1ba5049f7">
      <Execution id="0cc501cf-b614-4aab-accf-0da5ef4b149d" />
      <TestMethod codeBase="C:/Users/Administrator/.jenkins/jobs/UnitTesting/workspace/UnitTesting.Tests/bin/Debug/UnitTesting.Tests.DLL" adapterTypeName="Microsoft.VisualStudio.TestTools.TestTypes.Unit.UnitTestAdapter, Microsoft.VisualStudio.QualityTools.Tips.UnitTest.Adapter, Version=10.0.0.0, Culture=neutral, PublicKeyToken=b03f5f7f11d50a3a" className="UnitTesting.UnitTest.UnitTestExampleTest, UnitTesting.Tests, Version=0.0.0.0, Culture=neutral, PublicKeyToken=null" name="CapitalizeReturnsOnlyLettersAndUnderscoresThrowsArgumentNullException34" />
    </UnitTest>
  </TestDefinitions>
  <TestLists>
    <TestList name="Results Not in a List" id="8c84fa94-04c1-424b-9868-57a2d4851a1d" />
    <TestList name="All Loaded Results" id="19431567-8539-422a-85d7-44ee4e166bda" />
  </TestLists>
  <TestEntries>
    <TestEntry testId="1c305f0e-2122-82a0-fa35-359f2155ea13" executionId="8c6e4c2c-1cb9-4527-baac-9d6045c05a26" testListId="8c84fa94-04c1-424b-9868-57a2d4851a1d" />
    <TestEntry testId="6244c7a8-f694-792b-71e3-31800aa56da7" executionId="e110734c-b9b2-4308-91aa-97006229fcaf" testListId="8c84fa94-04c1-424b-9868-57a2d4851a1d" />
    <TestEntry testId="9f32a9ae-e02c-81cb-f60b-a304fec5965a" executionId="34e90225-984d-41ee-ab75-102cdbb15152" testListId="8c84fa94-04c1-424b-9868-57a2d4851a1d" />
    <TestEntry testId="857bbf81-c201-722e-80a2-55a1721ce552" executionId="53634348-262b-4489-90d5-f427aba37a6c" testListId="8c84fa94-04c1-424b-9868-57a2d4851a1d" />
    <TestEntry testId="9586abf1-1916-656c-9f38-28806581572c" executionId="612ae5da-6c59-440d-81fa-38fa1b4159d5" testListId="8c84fa94-04c1-424b-9868-57a2d4851a1d" />
    <TestEntry testId="5f2f75cc-5412-5d31-09f2-a91f8adce426" executionId="7152348e-655f-40d1-b036-c20d35deb74b" testListId="8c84fa94-04c1-424b-9868-57a2d4851a1d" />
    <TestEntry testId="d12dbe24-1c39-68f0-8ad8-90a9466ffcc8" executionId="a385d71f-3fd9-4056-9eab-b308febfe353" testListId="8c84fa94-04c1-424b-9868-57a2d4851a1d" />
    <TestEntry testId="0b0cda2d-4418-34d5-7f36-05a75b09f624" executionId="8e95aa06-8793-47fe-93e7-927814052b38" testListId="8c84fa94-04c1-424b-9868-57a2d4851a1d" />
    <TestEntry testId="32c50493-9e02-123b-352c-a193505a23db" executionId="7330dacd-5514-4963-871e-2ec528a5a901" testListId="8c84fa94-04c1-424b-9868-57a2d4851a1d" />
    <TestEntry testId="7fce61af-debc-9e65-89b8-b1bd9e05d829" executionId="edd21e91-283d-42f6-8ea2-afcb491339b0" testListId="8c84fa94-04c1-424b-9868-57a2d4851a1d" />
    <TestEntry testId="11673649-73ef-a18d-789f-eb42fbbc4c39" executionId="04c65676-01fe-4b4b-8f2d-57b843372571" testListId="8c84fa94-04c1-424b-9868-57a2d4851a1d" />
    <TestEntry testId="7a794a80-a2cd-4190-4d8a-aa1521646eac" executionId="57cef009-57d6-450f-8ea6-eba8882171fb" testListId="8c84fa94-04c1-424b-9868-57a2d4851a1d" />
    <TestEntry testId="970f2100-c46d-c075-9bcf-514836a4ac8f" executionId="a3ddcac9-fb67-453a-89ef-01b6866e0521" testListId="8c84fa94-04c1-424b-9868-57a2d4851a1d" />
    <TestEntry testId="18b99908-134d-eaec-b7ce-3c4508c39b13" executionId="269b607c-b06c-4fb8-8ad3-af918c78d107" testListId="8c84fa94-04c1-424b-9868-57a2d4851a1d" />
    <TestEntry testId="44e631e4-b5d7-181f-4d68-fd8e770558c9" executionId="977f5cc7-3ec6-4476-a81e-5547929084ed" testListId="8c84fa94-04c1-424b-9868-57a2d4851a1d" />
    <TestEntry testId="00b5d9cb-87e8-aafa-92ff-76361c36953e" executionId="edebfa19-7d20-4094-946d-c7e7f6f1f01f" testListId="8c84fa94-04c1-424b-9868-57a2d4851a1d" />
    <TestEntry testId="11eac963-cd48-c63a-1e13-706bb87c650d" executionId="0d8109ec-1129-493d-b2ca-07c0eb9e8e40" testListId="8c84fa94-04c1-424b-9868-57a2d4851a1d" />
    <TestEntry testId="ad1bedc1-a5c7-fbcd-57b0-3501001d2c43" executionId="59fe761a-abe1-4418-b5dc-864030146c3f" testListId="8c84fa94-04c1-424b-9868-57a2d4851a1d" />
    <TestEntry testId="fd22e181-5e6b-b782-2fee-13e8f5775f21" executionId="1f268b42-f3a7-4e75-a2a7-04c4f348d3c2" testListId="8c84fa94-04c1-424b-9868-57a2d4851a1d" />
    <TestEntry testId="81125343-0239-d209-bf9d-1496e0388d56" executionId="a26975b6-053e-4637-94bc-2a1963634a65" testListId="8c84fa94-04c1-424b-9868-57a2d4851a1d" />
    <TestEntry testId="56298f22-4179-f485-78de-86a5d60a5d08" executionId="f7519922-7e78-4584-b5d2-b0e68dedb99d" testListId="8c84fa94-04c1-424b-9868-57a2d4851a1d" />
    <TestEntry testId="6d5815c6-23ba-5872-a43b-ee95a3b341b4" executionId="d9545cc4-9be4-4175-9757-63977a75f79d" testListId="8c84fa94-04c1-424b-9868-57a2d4851a1d" />
    <TestEntry testId="2b4f90dd-c5b0-f0cd-a882-7c4135cabb3d" executionId="93296d73-ea95-49a2-a1eb-4e8d4f970051" testListId="8c84fa94-04c1-424b-9868-57a2d4851a1d" />
    <TestEntry testId="8fe2b1c5-6978-e869-fcf8-0637b12ec7dd" executionId="812aeb1e-1ef3-466d-a022-179e82ae5736" testListId="8c84fa94-04c1-424b-9868-57a2d4851a1d" />
    <TestEntry testId="3d403cbb-7b5d-6219-f8e7-8111151e0d92" executionId="516079f3-9b8b-4932-854b-2cc81162d541" testListId="8c84fa94-04c1-424b-9868-57a2d4851a1d" />
    <TestEntry testId="e9efd049-7300-2d2c-d54e-7e46c4383668" executionId="b80b3939-8d86-46f1-b572-b7f4a270b008" testListId="8c84fa94-04c1-424b-9868-57a2d4851a1d" />
    <TestEntry testId="3bcaf3e5-14e0-4491-ddba-1741f472a94c" executionId="17263fb1-0dc3-496b-82a0-bb228b4edbb5" testListId="8c84fa94-04c1-424b-9868-57a2d4851a1d" />
    <TestEntry testId="9ba2d526-786a-1bbf-7afc-8ac7d326b2c1" executionId="0a98184f-c9d0-4d1e-88cc-59e38fb2bb3f" testListId="8c84fa94-04c1-424b-9868-57a2d4851a1d" />
    <TestEntry testId="ac8a02b8-4520-7126-d606-4c06713cd247" executionId="2879d7c9-4913-4fc5-821d-2b867e65e328" testListId="8c84fa94-04c1-424b-9868-57a2d4851a1d" />
    <TestEntry testId="79c80897-a058-67d7-18d0-da5398d6323f" executionId="b7b85a1e-0734-45d8-b501-9c90a3a8ad88" testListId="8c84fa94-04c1-424b-9868-57a2d4851a1d" />
    <TestEntry testId="ffc272b0-94bb-5a6b-af71-ab673aa3d28d" executionId="311ff8f7-4e7d-48d8-8550-ac842bc8bd47" testListId="8c84fa94-04c1-424b-9868-57a2d4851a1d" />
    <TestEntry testId="2c9cbc39-1930-d32a-c417-d9c1ba5049f7" executionId="0cc501cf-b614-4aab-accf-0da5ef4b149d" testListId="8c84fa94-04c1-424b-9868-57a2d4851a1d" />
    <TestEntry testId="fe6f916b-813b-de9a-ba5e-a4dae929bd33" executionId="d07b0bd5-48b5-4856-a96d-ef4ff52c7cc2" testListId="8c84fa94-04c1-424b-9868-57a2d4851a1d" />
    <TestEntry testId="940408a2-0424-231e-5ec0-96321f043a67" executionId="5780bb90-ab7f-4018-b5b7-22d88e1d5ab0" testListId="8c84fa94-04c1-424b-9868-57a2d4851a1d" />
    <TestEntry testId="a7c0bbe4-08c3-8d20-5f9f-61ce3c31ff08" executionId="f5ea1124-7c39-4d7b-90e7-fa3aee16b001" testListId="8c84fa94-04c1-424b-9868-57a2d4851a1d" />
    <TestEntry testId="2b61789e-1697-3d8a-fc35-391a94542a91" executionId="3563be68-ac03-48cc-9260-dad3a1fae12d" testListId="8c84fa94-04c1-424b-9868-57a2d4851a1d" />
    <TestEntry testId="1d31fac9-138c-bfce-9b5a-615340ab0790" executionId="22d246a6-89c8-4334-8cbe-cfc2860028e1" testListId="8c84fa94-04c1-424b-9868-57a2d4851a1d" />
    <TestEntry testId="7a701d9e-d838-3de2-cf93-bbc6eea0334a" executionId="bbfa55ba-54e6-4f3f-ba21-7bef169aaafa" testListId="8c84fa94-04c1-424b-9868-57a2d4851a1d" />
    <TestEntry testId="cb1d8462-afb3-7f94-91df-965237b709e4" executionId="ef790518-cc11-465f-abd2-febf4bcba65b" testListId="8c84fa94-04c1-424b-9868-57a2d4851a1d" />
    <TestEntry testId="d74eabe9-3c22-076f-f9e5-e0fcd1dd212b" executionId="e4e28ba0-105f-4e05-aafd-fcba0a3f5aa6" testListId="8c84fa94-04c1-424b-9868-57a2d4851a1d" />
    <TestEntry testId="f215b841-a8ab-1789-85e6-22faabddcb98" executionId="44e425d5-6e54-4725-950d-d5f2caeb409a" testListId="8c84fa94-04c1-424b-9868-57a2d4851a1d" />
    <TestEntry testId="1140ad8a-5782-5964-5512-0068887264c1" executionId="46dd4783-de24-4bb5-97d0-870a33d583d0" testListId="8c84fa94-04c1-424b-9868-57a2d4851a1d" />
    <TestEntry testId="ccdcdfdf-bf29-e3bd-24a2-1e04c71e9f65" executionId="bbfc5055-a45f-46f3-a3f5-1aa36be9d94d" testListId="8c84fa94-04c1-424b-9868-57a2d4851a1d" />
    <TestEntry testId="1ede0e4d-9b27-4da5-e515-ea6117bec58e" executionId="8308a239-b637-477e-86a5-9eb148680946" testListId="8c84fa94-04c1-424b-9868-57a2d4851a1d" />
    <TestEntry testId="bcd71365-5244-6bf9-3d45-d722213ec6d7" executionId="c4d02d2b-c097-44de-b9c2-feb2fdce9aa3" testListId="8c84fa94-04c1-424b-9868-57a2d4851a1d" />
    <TestEntry testId="b7f3efec-29a9-2716-6876-d6615fdd6aff" executionId="9738cea4-4547-4ead-9a49-43d194a476a1" testListId="8c84fa94-04c1-424b-9868-57a2d4851a1d" />
  </TestEntries>
  <Results>
    <UnitTestResult executionId="8c6e4c2c-1cb9-4527-baac-9d6045c05a26" testId="1c305f0e-2122-82a0-fa35-359f2155ea13" testName="Capitalize393" computerName="WIN-N9FBSPSUO9F" duration="00:00:00.0487911" startTime="2013-03-26T13:40:45.0736328+05:30" endTime="2013-03-26T13:40:45.7142578+05:30" testType="13cdc9d9-ddb5-4fa4-a97d-d965ccfc6d4b" outcome="Passed" testListId="8c84fa94-04c1-424b-9868-57a2d4851a1d" relativeResultsDirectory="8c6e4c2c-1cb9-4527-baac-9d6045c05a26">
    </UnitTestResult>
    <UnitTestResult executionId="e110734c-b9b2-4308-91aa-97006229fcaf" testId="6244c7a8-f694-792b-71e3-31800aa56da7" testName="Capitalize411" computerName="WIN-N9FBSPSUO9F" duration="00:00:00.0006017" startTime="2013-03-26T13:40:45.7162109+05:30" endTime="2013-03-26T13:40:45.7269531+05:30" testType="13cdc9d9-ddb5-4fa4-a97d-d965ccfc6d4b" outcome="Passed" testListId="8c84fa94-04c1-424b-9868-57a2d4851a1d" relativeResultsDirectory="e110734c-b9b2-4308-91aa-97006229fcaf">
    </UnitTestResult>
    <UnitTestResult executionId="34e90225-984d-41ee-ab75-102cdbb15152" testId="9f32a9ae-e02c-81cb-f60b-a304fec5965a" testName="Capitalize426" computerName="WIN-N9FBSPSUO9F" duration="00:00:00.0004654" startTime="2013-03-26T13:40:45.7279296+05:30" endTime="2013-03-26T13:40:45.7376953+05:30" testType="13cdc9d9-ddb5-4fa4-a97d-d965ccfc6d4b" outcome="Passed" testListId="8c84fa94-04c1-424b-9868-57a2d4851a1d" relativeResultsDirectory="34e90225-984d-41ee-ab75-102cdbb15152">
    </UnitTestResult>
    <UnitTestResult executionId="53634348-262b-4489-90d5-f427aba37a6c" testId="857bbf81-c201-722e-80a2-55a1721ce552" testName="Capitalize439" computerName="WIN-N9FBSPSUO9F" duration="00:00:00.0003455" startTime="2013-03-26T13:40:45.7425781+05:30" endTime="2013-03-26T13:40:45.7494140+05:30" testType="13cdc9d9-ddb5-4fa4-a97d-d965ccfc6d4b" outcome="Passed" testListId="8c84fa94-04c1-424b-9868-57a2d4851a1d" relativeResultsDirectory="53634348-262b-4489-90d5-f427aba37a6c">
    </UnitTestResult>
    <UnitTestResult executionId="612ae5da-6c59-440d-81fa-38fa1b4159d5" testId="9586abf1-1916-656c-9f38-28806581572c" testName="Capitalize538" computerName="WIN-N9FBSPSUO9F" duration="00:00:00.0004461" startTime="2013-03-26T13:40:45.7503906+05:30" endTime="2013-03-26T13:40:45.7591796+05:30" testType="13cdc9d9-ddb5-4fa4-a97d-d965ccfc6d4b" outcome="Passed" testListId="8c84fa94-04c1-424b-9868-57a2d4851a1d" relativeResultsDirectory="612ae5da-6c59-440d-81fa-38fa1b4159d5">
    </UnitTestResult>
    <UnitTestResult executionId="7152348e-655f-40d1-b036-c20d35deb74b" testId="5f2f75cc-5412-5d31-09f2-a91f8adce426" testName="Capitalize582" computerName="WIN-N9FBSPSUO9F" duration="00:00:00.0003151" startTime="2013-03-26T13:40:45.7611328+05:30" endTime="2013-03-26T13:40:45.7679687+05:30" testType="13cdc9d9-ddb5-4fa4-a97d-d965ccfc6d4b" outcome="Passed" testListId="8c84fa94-04c1-424b-9868-57a2d4851a1d" relativeResultsDirectory="7152348e-655f-40d1-b036-c20d35deb74b">
    </UnitTestResult>
    <UnitTestResult executionId="a385d71f-3fd9-4056-9eab-b308febfe353" testId="d12dbe24-1c39-68f0-8ad8-90a9466ffcc8" testName="Capitalize630" computerName="WIN-N9FBSPSUO9F" duration="00:00:00.0003994" startTime="2013-03-26T13:40:45.7699218+05:30" endTime="2013-03-26T13:40:45.7796875+05:30" testType="13cdc9d9-ddb5-4fa4-a97d-d965ccfc6d4b" outcome="Passed" testListId="8c84fa94-04c1-424b-9868-57a2d4851a1d" relativeResultsDirectory="a385d71f-3fd9-4056-9eab-b308febfe353">
    </UnitTestResult>
    <UnitTestResult executionId="8e95aa06-8793-47fe-93e7-927814052b38" testId="0b0cda2d-4418-34d5-7f36-05a75b09f624" testName="Capitalize669" computerName="WIN-N9FBSPSUO9F" duration="00:00:00.0004176" startTime="2013-03-26T13:40:45.7806640+05:30" endTime="2013-03-26T13:40:45.7894531+05:30" testType="13cdc9d9-ddb5-4fa4-a97d-d965ccfc6d4b" outcome="Passed" testListId="8c84fa94-04c1-424b-9868-57a2d4851a1d" relativeResultsDirectory="8e95aa06-8793-47fe-93e7-927814052b38">
    </UnitTestResult>
    <UnitTestResult executionId="7330dacd-5514-4963-871e-2ec528a5a901" testId="32c50493-9e02-123b-352c-a193505a23db" testName="Capitalize727" computerName="WIN-N9FBSPSUO9F" duration="00:00:00.0004469" startTime="2013-03-26T13:40:45.7914062+05:30" endTime="2013-03-26T13:40:45.8001953+05:30" testType="13cdc9d9-ddb5-4fa4-a97d-d965ccfc6d4b" outcome="Passed" testListId="8c84fa94-04c1-424b-9868-57a2d4851a1d" relativeResultsDirectory="7330dacd-5514-4963-871e-2ec528a5a901">
    </UnitTestResult>
    <UnitTestResult executionId="edd21e91-283d-42f6-8ea2-afcb491339b0" testId="7fce61af-debc-9e65-89b8-b1bd9e05d829" testName="Capitalize870" computerName="WIN-N9FBSPSUO9F" duration="00:00:00.0003966" startTime="2013-03-26T13:40:45.8021484+05:30" endTime="2013-03-26T13:40:45.8109375+05:30" testType="13cdc9d9-ddb5-4fa4-a97d-d965ccfc6d4b" outcome="Passed" testListId="8c84fa94-04c1-424b-9868-57a2d4851a1d" relativeResultsDirectory="edd21e91-283d-42f6-8ea2-afcb491339b0">
    </UnitTestResult>
    <UnitTestResult executionId="04c65676-01fe-4b4b-8f2d-57b843372571" testId="11673649-73ef-a18d-789f-eb42fbbc4c39" testName="Capitalize983" computerName="WIN-N9FBSPSUO9F" duration="00:00:00.0003785" startTime="2013-03-26T13:40:45.8119140+05:30" endTime="2013-03-26T13:40:45.8216796+05:30" testType="13cdc9d9-ddb5-4fa4-a97d-d965ccfc6d4b" outcome="Passed" testListId="8c84fa94-04c1-424b-9868-57a2d4851a1d" relativeResultsDirectory="04c65676-01fe-4b4b-8f2d-57b843372571">
    </UnitTestResult>
    <UnitTestResult executionId="57cef009-57d6-450f-8ea6-eba8882171fb" testId="7a794a80-a2cd-4190-4d8a-aa1521646eac" testName="CapitalizeMaintainsLettersCount152" computerName="WIN-N9FBSPSUO9F" duration="00:00:00.0036739" startTime="2013-03-26T13:40:45.8246093+05:30" endTime="2013-03-26T13:40:45.8373046+05:30" testType="13cdc9d9-ddb5-4fa4-a97d-d965ccfc6d4b" outcome="Passed" testListId="8c84fa94-04c1-424b-9868-57a2d4851a1d" relativeResultsDirectory="57cef009-57d6-450f-8ea6-eba8882171fb">
    </UnitTestResult>
    <UnitTestResult executionId="a3ddcac9-fb67-453a-89ef-01b6866e0521" testId="970f2100-c46d-c075-9bcf-514836a4ac8f" testName="CapitalizeMaintainsLettersCount217" computerName="WIN-N9FBSPSUO9F" duration="00:00:00.0002176" startTime="2013-03-26T13:40:45.8392578+05:30" endTime="2013-03-26T13:40:45.8470703+05:30" testType="13cdc9d9-ddb5-4fa4-a97d-d965ccfc6d4b" outcome="Passed" testListId="8c84fa94-04c1-424b-9868-57a2d4851a1d" relativeResultsDirectory="a3ddcac9-fb67-453a-89ef-01b6866e0521">
    </UnitTestResult>
    <UnitTestResult executionId="269b607c-b06c-4fb8-8ad3-af918c78d107" testId="18b99908-134d-eaec-b7ce-3c4508c39b13" testName="CapitalizeMaintainsLettersCount364" computerName="WIN-N9FBSPSUO9F" duration="00:00:00.0002246" startTime="2013-03-26T13:40:45.8490234+05:30" endTime="2013-03-26T13:40:45.8568359+05:30" testType="13cdc9d9-ddb5-4fa4-a97d-d965ccfc6d4b" outcome="Passed" testListId="8c84fa94-04c1-424b-9868-57a2d4851a1d" relativeResultsDirectory="269b607c-b06c-4fb8-8ad3-af918c78d107">
    </UnitTestResult>
    <UnitTestResult executionId="977f5cc7-3ec6-4476-a81e-5547929084ed" testId="44e631e4-b5d7-181f-4d68-fd8e770558c9" testName="CapitalizeMaintainsLettersCount396" computerName="WIN-N9FBSPSUO9F" duration="00:00:00.0002992" startTime="2013-03-26T13:40:45.8578125+05:30" endTime="2013-03-26T13:40:45.8656250+05:30" testType="13cdc9d9-ddb5-4fa4-a97d-d965ccfc6d4b" outcome="Passed" testListId="8c84fa94-04c1-424b-9868-57a2d4851a1d" relativeResultsDirectory="977f5cc7-3ec6-4476-a81e-5547929084ed">
    </UnitTestResult>
    <UnitTestResult executionId="edebfa19-7d20-4094-946d-c7e7f6f1f01f" testId="00b5d9cb-87e8-aafa-92ff-76361c36953e" testName="CapitalizeMaintainsLettersCount526" computerName="WIN-N9FBSPSUO9F" duration="00:00:00.0002807" startTime="2013-03-26T13:40:45.8685546+05:30" endTime="2013-03-26T13:40:45.8753906+05:30" testType="13cdc9d9-ddb5-4fa4-a97d-d965ccfc6d4b" outcome="Passed" testListId="8c84fa94-04c1-424b-9868-57a2d4851a1d" relativeResultsDirectory="edebfa19-7d20-4094-946d-c7e7f6f1f01f">
    </UnitTestResult>
    <UnitTestResult executionId="0d8109ec-1129-493d-b2ca-07c0eb9e8e40" testId="11eac963-cd48-c63a-1e13-706bb87c650d" testName="CapitalizeMaintainsLettersCount554" computerName="WIN-N9FBSPSUO9F" duration="00:00:00.0002969" startTime="2013-03-26T13:40:45.8773437+05:30" endTime="2013-03-26T13:40:45.8871093+05:30" testType="13cdc9d9-ddb5-4fa4-a97d-d965ccfc6d4b" outcome="Passed" testListId="8c84fa94-04c1-424b-9868-57a2d4851a1d" relativeResultsDirectory="0d8109ec-1129-493d-b2ca-07c0eb9e8e40">
    </UnitTestResult>
    <UnitTestResult executionId="59fe761a-abe1-4418-b5dc-864030146c3f" testId="ad1bedc1-a5c7-fbcd-57b0-3501001d2c43" testName="CapitalizeMaintainsLettersCount783" computerName="WIN-N9FBSPSUO9F" duration="00:00:00.0003193" startTime="2013-03-26T13:40:45.8890625+05:30" endTime="2013-03-26T13:40:45.8958984+05:30" testType="13cdc9d9-ddb5-4fa4-a97d-d965ccfc6d4b" outcome="Passed" testListId="8c84fa94-04c1-424b-9868-57a2d4851a1d" relativeResultsDirectory="59fe761a-abe1-4418-b5dc-864030146c3f">
    </UnitTestResult>
    <UnitTestResult executionId="1f268b42-f3a7-4e75-a2a7-04c4f348d3c2" testId="fd22e181-5e6b-b782-2fee-13e8f5775f21" testName="CapitalizeMaintainsLettersCount922" computerName="WIN-N9FBSPSUO9F" duration="00:00:00.0002145" startTime="2013-03-26T13:40:45.8978515+05:30" endTime="2013-03-26T13:40:45.9046875+05:30" testType="13cdc9d9-ddb5-4fa4-a97d-d965ccfc6d4b" outcome="Passed" testListId="8c84fa94-04c1-424b-9868-57a2d4851a1d" relativeResultsDirectory="1f268b42-f3a7-4e75-a2a7-04c4f348d3c2">
    </UnitTestResult>
    <UnitTestResult executionId="a26975b6-053e-4637-94bc-2a1963634a65" testId="81125343-0239-d209-bf9d-1496e0388d56" testName="CapitalizeMaintainsLettersCountThrowsArgumentNullException456" computerName="WIN-N9FBSPSUO9F" duration="00:00:00.0059200" startTime="2013-03-26T13:40:45.9066406+05:30" endTime="2013-03-26T13:40:45.9203125+05:30" testType="13cdc9d9-ddb5-4fa4-a97d-d965ccfc6d4b" outcome="Passed" testListId="8c84fa94-04c1-424b-9868-57a2d4851a1d" relativeResultsDirectory="a26975b6-053e-4637-94bc-2a1963634a65">
    </UnitTestResult>
    <UnitTestResult executionId="f7519922-7e78-4584-b5d2-b0e68dedb99d" testId="56298f22-4179-f485-78de-86a5d60a5d08" testName="CapitalizeReturnsOnlyLettersAndUnderscores152" computerName="WIN-N9FBSPSUO9F" duration="00:00:00.0025050" startTime="2013-03-26T13:40:45.9222656+05:30" endTime="2013-03-26T13:40:45.9320312+05:30" testType="13cdc9d9-ddb5-4fa4-a97d-d965ccfc6d4b" outcome="Passed" testListId="8c84fa94-04c1-424b-9868-57a2d4851a1d" relativeResultsDirectory="f7519922-7e78-4584-b5d2-b0e68dedb99d">
    </UnitTestResult>
    <UnitTestResult executionId="d9545cc4-9be4-4175-9757-63977a75f79d" testId="6d5815c6-23ba-5872-a43b-ee95a3b341b4" testName="CapitalizeReturnsOnlyLettersAndUnderscores18" computerName="WIN-N9FBSPSUO9F" duration="00:00:00.0003162" startTime="2013-03-26T13:40:45.9330078+05:30" endTime="2013-03-26T13:40:45.9427734+05:30" testType="13cdc9d9-ddb5-4fa4-a97d-d965ccfc6d4b" outcome="Passed" testListId="8c84fa94-04c1-424b-9868-57a2d4851a1d" relativeResultsDirectory="d9545cc4-9be4-4175-9757-63977a75f79d">
    </UnitTestResult>
    <UnitTestResult executionId="93296d73-ea95-49a2-a1eb-4e8d4f970051" testId="2b4f90dd-c5b0-f0cd-a882-7c4135cabb3d" testName="CapitalizeReturnsOnlyLettersAndUnderscores217" computerName="WIN-N9FBSPSUO9F" duration="00:00:00.0002385" startTime="2013-03-26T13:40:45.9447265+05:30" endTime="2013-03-26T13:40:45.9525390+05:30" testType="13cdc9d9-ddb5-4fa4-a97d-d965ccfc6d4b" outcome="Passed" testListId="8c84fa94-04c1-424b-9868-57a2d4851a1d" relativeResultsDirectory="93296d73-ea95-49a2-a1eb-4e8d4f970051">
    </UnitTestResult>
    <UnitTestResult executionId="812aeb1e-1ef3-466d-a022-179e82ae5736" testId="8fe2b1c5-6978-e869-fcf8-0637b12ec7dd" testName="CapitalizeReturnsOnlyLettersAndUnderscores226" computerName="WIN-N9FBSPSUO9F" duration="00:00:00.0002332" startTime="2013-03-26T13:40:45.9535156+05:30" endTime="2013-03-26T13:40:45.9613281+05:30" testType="13cdc9d9-ddb5-4fa4-a97d-d965ccfc6d4b" outcome="Passed" testListId="8c84fa94-04c1-424b-9868-57a2d4851a1d" relativeResultsDirectory="812aeb1e-1ef3-466d-a022-179e82ae5736">
    </UnitTestResult>
    <UnitTestResult executionId="516079f3-9b8b-4932-854b-2cc81162d541" testId="3d403cbb-7b5d-6219-f8e7-8111151e0d92" testName="CapitalizeReturnsOnlyLettersAndUnderscores364" computerName="WIN-N9FBSPSUO9F" duration="00:00:00.0002707" startTime="2013-03-26T13:40:45.9632812+05:30" endTime="2013-03-26T13:40:45.9701171+05:30" testType="13cdc9d9-ddb5-4fa4-a97d-d965ccfc6d4b" outcome="Passed" testListId="8c84fa94-04c1-424b-9868-57a2d4851a1d" relativeResultsDirectory="516079f3-9b8b-4932-854b-2cc81162d541">
    </UnitTestResult>
    <UnitTestResult executionId="b80b3939-8d86-46f1-b572-b7f4a270b008" testId="e9efd049-7300-2d2c-d54e-7e46c4383668" testName="CapitalizeReturnsOnlyLettersAndUnderscores396" computerName="WIN-N9FBSPSUO9F" duration="00:00:00.0002321" startTime="2013-03-26T13:40:45.9710937+05:30" endTime="2013-03-26T13:40:45.9798828+05:30" testType="13cdc9d9-ddb5-4fa4-a97d-d965ccfc6d4b" outcome="Passed" testListId="8c84fa94-04c1-424b-9868-57a2d4851a1d" relativeResultsDirectory="b80b3939-8d86-46f1-b572-b7f4a270b008">
    </UnitTestResult>
    <UnitTestResult executionId="17263fb1-0dc3-496b-82a0-bb228b4edbb5" testId="3bcaf3e5-14e0-4491-ddba-1741f472a94c" testName="CapitalizeReturnsOnlyLettersAndUnderscores467" computerName="WIN-N9FBSPSUO9F" duration="00:00:00.0002332" startTime="2013-03-26T13:40:45.9818359+05:30" endTime="2013-03-26T13:40:45.9886718+05:30" testType="13cdc9d9-ddb5-4fa4-a97d-d965ccfc6d4b" outcome="Passed" testListId="8c84fa94-04c1-424b-9868-57a2d4851a1d" relativeResultsDirectory="17263fb1-0dc3-496b-82a0-bb228b4edbb5">
    </UnitTestResult>
    <UnitTestResult executionId="0a98184f-c9d0-4d1e-88cc-59e38fb2bb3f" testId="9ba2d526-786a-1bbf-7afc-8ac7d326b2c1" testName="CapitalizeReturnsOnlyLettersAndUnderscores526" computerName="WIN-N9FBSPSUO9F" duration="00:00:00.0002980" startTime="2013-03-26T13:40:45.9906250+05:30" endTime="2013-03-26T13:40:45.9974609+05:30" testType="13cdc9d9-ddb5-4fa4-a97d-d965ccfc6d4b" outcome="Passed" testListId="8c84fa94-04c1-424b-9868-57a2d4851a1d" relativeResultsDirectory="0a98184f-c9d0-4d1e-88cc-59e38fb2bb3f">
    </UnitTestResult>
    <UnitTestResult executionId="2879d7c9-4913-4fc5-821d-2b867e65e328" testId="ac8a02b8-4520-7126-d606-4c06713cd247" testName="CapitalizeReturnsOnlyLettersAndUnderscores747" computerName="WIN-N9FBSPSUO9F" duration="00:00:00.0003187" startTime="2013-03-26T13:40:45.9984375+05:30" endTime="2013-03-26T13:40:46.0179687+05:30" testType="13cdc9d9-ddb5-4fa4-a97d-d965ccfc6d4b" outcome="Passed" testListId="8c84fa94-04c1-424b-9868-57a2d4851a1d" relativeResultsDirectory="2879d7c9-4913-4fc5-821d-2b867e65e328">
    </UnitTestResult>
    <UnitTestResult executionId="b7b85a1e-0734-45d8-b501-9c90a3a8ad88" testId="79c80897-a058-67d7-18d0-da5398d6323f" testName="CapitalizeReturnsOnlyLettersAndUnderscores868" computerName="WIN-N9FBSPSUO9F" duration="00:00:00.0003802" startTime="2013-03-26T13:40:46.0199218+05:30" endTime="2013-03-26T13:40:46.0287109+05:30" testType="13cdc9d9-ddb5-4fa4-a97d-d965ccfc6d4b" outcome="Passed" testListId="8c84fa94-04c1-424b-9868-57a2d4851a1d" relativeResultsDirectory="b7b85a1e-0734-45d8-b501-9c90a3a8ad88">
    </UnitTestResult>
    <UnitTestResult executionId="311ff8f7-4e7d-48d8-8550-ac842bc8bd47" testId="ffc272b0-94bb-5a6b-af71-ab673aa3d28d" testName="CapitalizeReturnsOnlyLettersAndUnderscores922" computerName="WIN-N9FBSPSUO9F" duration="00:00:00.0002910" startTime="2013-03-26T13:40:46.0306640+05:30" endTime="2013-03-26T13:40:46.0414062+05:30" testType="13cdc9d9-ddb5-4fa4-a97d-d965ccfc6d4b" outcome="Passed" testListId="8c84fa94-04c1-424b-9868-57a2d4851a1d" relativeResultsDirectory="311ff8f7-4e7d-48d8-8550-ac842bc8bd47">
    </UnitTestResult>
    <UnitTestResult executionId="0cc501cf-b614-4aab-accf-0da5ef4b149d" testId="2c9cbc39-1930-d32a-c417-d9c1ba5049f7" testName="CapitalizeReturnsOnlyLettersAndUnderscoresThrowsArgumentNullException34" computerName="WIN-N9FBSPSUO9F" duration="00:00:00.0008344" startTime="2013-03-26T13:40:46.0423828+05:30" endTime="2013-03-26T13:40:46.0511718+05:30" testType="13cdc9d9-ddb5-4fa4-a97d-d965ccfc6d4b" outcome="Passed" testListId="8c84fa94-04c1-424b-9868-57a2d4851a1d" relativeResultsDirectory="0cc501cf-b614-4aab-accf-0da5ef4b149d">
    </UnitTestResult>
    <UnitTestResult executionId="d07b0bd5-48b5-4856-a96d-ef4ff52c7cc2" testId="fe6f916b-813b-de9a-ba5e-a4dae929bd33" testName="CapitalizeThrowsArgumentNullException431" computerName="WIN-N9FBSPSUO9F" duration="00:00:00.0006836" startTime="2013-03-26T13:40:46.0541015+05:30" endTime="2013-03-26T13:40:46.0609375+05:30" testType="13cdc9d9-ddb5-4fa4-a97d-d965ccfc6d4b" outcome="Passed" testListId="8c84fa94-04c1-424b-9868-57a2d4851a1d" relativeResultsDirectory="d07b0bd5-48b5-4856-a96d-ef4ff52c7cc2">
    </UnitTestResult>
    <UnitTestResult executionId="5780bb90-ab7f-4018-b5b7-22d88e1d5ab0" testId="940408a2-0424-231e-5ec0-96321f043a67" testName="CapitalizeWillNotCapitalizeAgain152" computerName="WIN-N9FBSPSUO9F" duration="00:00:00.0006433" startTime="2013-03-26T13:40:46.0628906+05:30" endTime="2013-03-26T13:40:46.0716796+05:30" testType="13cdc9d9-ddb5-4fa4-a97d-d965ccfc6d4b" outcome="Passed" testListId="8c84fa94-04c1-424b-9868-57a2d4851a1d" relativeResultsDirectory="5780bb90-ab7f-4018-b5b7-22d88e1d5ab0">
    </UnitTestResult>
    <UnitTestResult executionId="f5ea1124-7c39-4d7b-90e7-fa3aee16b001" testId="a7c0bbe4-08c3-8d20-5f9f-61ce3c31ff08" testName="CapitalizeWillNotCapitalizeAgain154" computerName="WIN-N9FBSPSUO9F" duration="00:00:00.0002299" startTime="2013-03-26T13:40:46.0736328+05:30" endTime="2013-03-26T13:40:46.0794921+05:30" testType="13cdc9d9-ddb5-4fa4-a97d-d965ccfc6d4b" outcome="Passed" testListId="8c84fa94-04c1-424b-9868-57a2d4851a1d" relativeResultsDirectory="f5ea1124-7c39-4d7b-90e7-fa3aee16b001">
    </UnitTestResult>
    <UnitTestResult executionId="3563be68-ac03-48cc-9260-dad3a1fae12d" testId="2b61789e-1697-3d8a-fc35-391a94542a91" testName="CapitalizeWillNotCapitalizeAgain364" computerName="WIN-N9FBSPSUO9F" duration="00:00:00.0002243" startTime="2013-03-26T13:40:46.0814453+05:30" endTime="2013-03-26T13:40:46.0912109+05:30" testType="13cdc9d9-ddb5-4fa4-a97d-d965ccfc6d4b" outcome="Passed" testListId="8c84fa94-04c1-424b-9868-57a2d4851a1d" relativeResultsDirectory="3563be68-ac03-48cc-9260-dad3a1fae12d">
    </UnitTestResult>
    <UnitTestResult executionId="22d246a6-89c8-4334-8cbe-cfc2860028e1" testId="1d31fac9-138c-bfce-9b5a-615340ab0790" testName="CapitalizeWillNotCapitalizeAgain396" computerName="WIN-N9FBSPSUO9F" duration="00:00:00.0002986" startTime="2013-03-26T13:40:46.0921875+05:30" endTime="2013-03-26T13:40:46.1009765+05:30" testType="13cdc9d9-ddb5-4fa4-a97d-d965ccfc6d4b" outcome="Passed" testListId="8c84fa94-04c1-424b-9868-57a2d4851a1d" relativeResultsDirectory="22d246a6-89c8-4334-8cbe-cfc2860028e1">
    </UnitTestResult>
    <UnitTestResult executionId="bbfa55ba-54e6-4f3f-ba21-7bef169aaafa" testId="7a701d9e-d838-3de2-cf93-bbc6eea0334a" testName="CapitalizeWillNotCapitalizeAgain526" computerName="WIN-N9FBSPSUO9F" duration="00:00:00.0002913" startTime="2013-03-26T13:40:46.1029296+05:30" endTime="2013-03-26T13:40:46.1107421+05:30" testType="13cdc9d9-ddb5-4fa4-a97d-d965ccfc6d4b" outcome="Passed" testListId="8c84fa94-04c1-424b-9868-57a2d4851a1d" relativeResultsDirectory="bbfa55ba-54e6-4f3f-ba21-7bef169aaafa">
    </UnitTestResult>
    <UnitTestResult executionId="ef790518-cc11-465f-abd2-febf4bcba65b" testId="cb1d8462-afb3-7f94-91df-965237b709e4" testName="CapitalizeWillNotCapitalizeAgain922" computerName="WIN-N9FBSPSUO9F" duration="00:00:00.0002757" startTime="2013-03-26T13:40:46.1117187+05:30" endTime="2013-03-26T13:40:46.1205078+05:30" testType="13cdc9d9-ddb5-4fa4-a97d-d965ccfc6d4b" outcome="Passed" testListId="8c84fa94-04c1-424b-9868-57a2d4851a1d" relativeResultsDirectory="ef790518-cc11-465f-abd2-febf4bcba65b">
    </UnitTestResult>
    <UnitTestResult executionId="e4e28ba0-105f-4e05-aafd-fcba0a3f5aa6" testId="d74eabe9-3c22-076f-f9e5-e0fcd1dd212b" testName="CapitalizeWillNotCapitalizeAgainThrowsArgumentNullException94" computerName="WIN-N9FBSPSUO9F" duration="00:00:00.0008051" startTime="2013-03-26T13:40:46.1214843+05:30" endTime="2013-03-26T13:40:46.1312500+05:30" testType="13cdc9d9-ddb5-4fa4-a97d-d965ccfc6d4b" outcome="Passed" testListId="8c84fa94-04c1-424b-9868-57a2d4851a1d" relativeResultsDirectory="e4e28ba0-105f-4e05-aafd-fcba0a3f5aa6">
    </UnitTestResult>
    <UnitTestResult executionId="44e425d5-6e54-4725-950d-d5f2caeb409a" testId="f215b841-a8ab-1789-85e6-22faabddcb98" testName="GetFileContent206" computerName="WIN-N9FBSPSUO9F" duration="00:00:00.2252652" startTime="2013-03-26T13:40:46.2914062+05:30" endTime="2013-03-26T13:40:53.3636718+05:30" testType="13cdc9d9-ddb5-4fa4-a97d-d965ccfc6d4b" outcome="Passed" testListId="8c84fa94-04c1-424b-9868-57a2d4851a1d" relativeResultsDirectory="44e425d5-6e54-4725-950d-d5f2caeb409a">
    </UnitTestResult>
    <UnitTestResult executionId="46dd4783-de24-4bb5-97d0-870a33d583d0" testId="1140ad8a-5782-5964-5512-0068887264c1" testName="GetFileContentThrowsInvalidOperationException289" computerName="WIN-N9FBSPSUO9F" duration="00:00:00.0224025" startTime="2013-03-26T13:40:53.3646484+05:30" endTime="2013-03-26T13:40:53.4349609+05:30" testType="13cdc9d9-ddb5-4fa4-a97d-d965ccfc6d4b" outcome="Passed" testListId="8c84fa94-04c1-424b-9868-57a2d4851a1d" relativeResultsDirectory="46dd4783-de24-4bb5-97d0-870a33d583d0">
    </UnitTestResult>
    <UnitTestResult executionId="bbfc5055-a45f-46f3-a3f5-1aa36be9d94d" testId="ccdcdfdf-bf29-e3bd-24a2-1e04c71e9f65" testName="GetFileContentThrowsInvalidOperationException872" computerName="WIN-N9FBSPSUO9F" duration="00:00:00.0028201" startTime="2013-03-26T13:40:53.4359375+05:30" endTime="2013-03-26T13:40:53.4906250+05:30" testType="13cdc9d9-ddb5-4fa4-a97d-d965ccfc6d4b" outcome="Passed" testListId="8c84fa94-04c1-424b-9868-57a2d4851a1d" relativeResultsDirectory="bbfc5055-a45f-46f3-a3f5-1aa36be9d94d">
    </UnitTestResult>
    <UnitTestResult executionId="8308a239-b637-477e-86a5-9eb148680946" testId="1ede0e4d-9b27-4da5-e515-ea6117bec58e" testName="GetFileContentUsingInterface206" computerName="WIN-N9FBSPSUO9F" duration="00:00:00.1174378" startTime="2013-03-26T13:40:53.4925781+05:30" endTime="2013-03-26T13:40:53.7904296+05:30" testType="13cdc9d9-ddb5-4fa4-a97d-d965ccfc6d4b" outcome="Passed" testListId="8c84fa94-04c1-424b-9868-57a2d4851a1d" relativeResultsDirectory="8308a239-b637-477e-86a5-9eb148680946">
    </UnitTestResult>
    <UnitTestResult executionId="c4d02d2b-c097-44de-b9c2-feb2fdce9aa3" testId="bcd71365-5244-6bf9-3d45-d722213ec6d7" testName="GetFileContentUsingInterfaceThrowsInvalidOperationException870" computerName="WIN-N9FBSPSUO9F" duration="00:00:00.0006590" startTime="2013-03-26T13:40:53.7923828+05:30" endTime="2013-03-26T13:40:53.8001953+05:30" testType="13cdc9d9-ddb5-4fa4-a97d-d965ccfc6d4b" outcome="Passed" testListId="8c84fa94-04c1-424b-9868-57a2d4851a1d" relativeResultsDirectory="c4d02d2b-c097-44de-b9c2-feb2fdce9aa3">
    </UnitTestResult>
    <UnitTestResult executionId="9738cea4-4547-4ead-9a49-43d194a476a1" testId="b7f3efec-29a9-2716-6876-d6615fdd6aff" testName="GetFileContentUsingInterfaceThrowsInvalidOperationException909" computerName="WIN-N9FBSPSUO9F" duration="00:00:00.0008448" startTime="2013-03-26T13:40:53.8021484+05:30" endTime="2013-03-26T13:40:53.8109375+05:30" testType="13cdc9d9-ddb5-4fa4-a97d-d965ccfc6d4b" outcome="Passed" testListId="8c84fa94-04c1-424b-9868-57a2d4851a1d" relativeResultsDirectory="9738cea4-4547-4ead-9a49-43d194a476a1">
    </UnitTestResult>
  </Results>
</TestRun>