<?xml version="1.0" encoding="UTF-8"?>
<TestRun id="7c8a3d63-3818-4671-8c78-f277c638be0a" name="souvikd@SOUVIKDXP001F 2013-03-15 17:22:44" runUser="INDIADEV\souvikd" xmlns="http://microsoft.com/schemas/VisualStudio/TeamTest/2010">
  <TestSettings name="Local" id="2c9d6db2-0a20-48cc-9b79-9d877a4d1a21">
    <Description>These are default test settings for a local test run.</Description>
    <Deployment runDeploymentRoot="souvikd_SOUVIKDXP001F 2013-03-15 17_22_44">
      <DeploymentItem filename="D:\Program Files\Microsoft Pex\PublicAssemblies\Microsoft.Pex.Linq.dll" />
      <DeploymentItem filename="D:\UnitTesting\UnitTesting.Tests\MolesAssemblies\UnitTesting.Moles.dll" />
      <DeploymentItem filename="D:\UnitTesting\UnitTesting\bin\Debug\UnitTesting.dll" />
    </Deployment>
    <Execution>
      <TestTypeSpecific>
        <UnitTestRunConfig testTypeId="13cdc9d9-ddb5-4fa4-a97d-d965ccfc6d4b">
          <AssemblyResolution>
            <TestDirectory useLoadContext="true" />
          </AssemblyResolution>
        </UnitTestRunConfig>
        <WebTestRunConfiguration testTypeId="4e7599fa-5ecb-43e9-a887-cd63cf72d207">
          <Browser name="Internet Explorer 7.0">
            <Headers>
              <Header name="User-Agent" value="Mozilla/4.0 (compatible; MSIE 7.0; Windows NT 5.1)" />
              <Header name="Accept" value="*/*" />
              <Header name="Accept-Language" value="{{$IEAcceptLanguage}}" />
              <Header name="Accept-Encoding" value="GZIP" />
            </Headers>
          </Browser>
        </WebTestRunConfiguration>
      </TestTypeSpecific>
      <AgentRule name="LocalMachineDefaultRole">
        <DataCollectors>
          <DataCollector uri="datacollector://microsoft/CodeCoverage/1.0" assemblyQualifiedName="Microsoft.VisualStudio.TestTools.CodeCoverage.CoveragePlugIn, Microsoft.VisualStudio.QualityTools.Plugins.CodeCoverage, Version=10.0.0.0, Culture=neutral, PublicKeyToken=b03f5f7f11d50a3a" friendlyName="Code Coverage">
            <Configuration>
              <CodeCoverage xmlns="">
                <Regular>
                  <CodeCoverageItem binaryFile="D:\UnitTesting\UnitTesting\bin\Debug\UnitTesting.dll" pdbFile="D:\UnitTesting\UnitTesting\bin\Debug\UnitTesting.instr.pdb" instrumentInPlace="true" />
                </Regular>
              </CodeCoverage>
            </Configuration>
          </DataCollector>
        </DataCollectors>
      </AgentRule>
    </Execution>
  </TestSettings>
  <Times creation="2013-03-15T17:22:44.4299035+05:30" queuing="2013-03-15T17:22:47.0705792+05:30" start="2013-03-15T17:22:47.3987105+05:30" finish="2013-03-15T17:22:59.9145758+05:30" />
  <ResultSummary outcome="Completed">
    <Counters total="46" executed="46" passed="46" error="0" failed="0" timeout="0" aborted="0" inconclusive="0" passedButRunAborted="0" notRunnable="0" notExecuted="0" disconnected="0" warning="0" completed="0" inProgress="0" pending="0" />
    <ResultFiles>
      <ResultFile path="SOUVIKDXP001F\data.coverage" />
    </ResultFiles>
  </ResultSummary>
  <TestDefinitions>
    <UnitTest name="GetFileContent206" storage="d:\unittesting\unittesting.tests\bin\debug\unittesting.tests.dll" id="f215b841-a8ab-1789-85e6-22faabddcb98">
      <Execution id="113301ff-32d2-4a6f-9a2a-60180e8db9a2" />
      <TestMethod codeBase="D:/UnitTesting/UnitTesting.Tests/bin/Debug/UnitTesting.Tests.DLL" adapterTypeName="Microsoft.VisualStudio.TestTools.TestTypes.Unit.UnitTestAdapter, Microsoft.VisualStudio.QualityTools.Tips.UnitTest.Adapter, Version=10.0.0.0, Culture=neutral, PublicKeyToken=b03f5f7f11d50a3a" className="UnitTesting.UnitTest.UnitTestExampleTest, UnitTesting.Tests, Version=0.0.0.0, Culture=neutral, PublicKeyToken=null" name="GetFileContent206" />
    </UnitTest>
    <UnitTest name="CapitalizeReturnsOnlyLettersAndUnderscores226" storage="d:\unittesting\unittesting.tests\bin\debug\unittesting.tests.dll" id="8fe2b1c5-6978-e869-fcf8-0637b12ec7dd">
      <Execution id="d439b3c7-dd9b-42c0-bffa-2ac81c8cac94" />
      <TestMethod codeBase="D:/UnitTesting/UnitTesting.Tests/bin/Debug/UnitTesting.Tests.DLL" adapterTypeName="Microsoft.VisualStudio.TestTools.TestTypes.Unit.UnitTestAdapter, Microsoft.VisualStudio.QualityTools.Tips.UnitTest.Adapter, Version=10.0.0.0, Culture=neutral, PublicKeyToken=b03f5f7f11d50a3a" className="UnitTesting.UnitTest.UnitTestExampleTest, UnitTesting.Tests, Version=0.0.0.0, Culture=neutral, PublicKeyToken=null" name="CapitalizeReturnsOnlyLettersAndUnderscores226" />
    </UnitTest>
    <UnitTest name="GetFileContentUsingInterfaceThrowsInvalidOperationException909" storage="d:\unittesting\unittesting.tests\bin\debug\unittesting.tests.dll" id="b7f3efec-29a9-2716-6876-d6615fdd6aff">
      <Execution id="dbad2cb9-d100-4b85-b408-68e7c6c35b8b" />
      <TestMethod codeBase="D:/UnitTesting/UnitTesting.Tests/bin/Debug/UnitTesting.Tests.DLL" adapterTypeName="Microsoft.VisualStudio.TestTools.TestTypes.Unit.UnitTestAdapter, Microsoft.VisualStudio.QualityTools.Tips.UnitTest.Adapter, Version=10.0.0.0, Culture=neutral, PublicKeyToken=b03f5f7f11d50a3a" className="UnitTesting.UnitTest.UnitTestExampleTest, UnitTesting.Tests, Version=0.0.0.0, Culture=neutral, PublicKeyToken=null" name="GetFileContentUsingInterfaceThrowsInvalidOperationException909" />
    </UnitTest>
    <UnitTest name="CapitalizeWillNotCapitalizeAgain152" storage="d:\unittesting\unittesting.tests\bin\debug\unittesting.tests.dll" id="940408a2-0424-231e-5ec0-96321f043a67">
      <Execution id="83669142-4975-4000-9ad3-7cd58c1b5834" />
      <TestMethod codeBase="D:/UnitTesting/UnitTesting.Tests/bin/Debug/UnitTesting.Tests.DLL" adapterTypeName="Microsoft.VisualStudio.TestTools.TestTypes.Unit.UnitTestAdapter, Microsoft.VisualStudio.QualityTools.Tips.UnitTest.Adapter, Version=10.0.0.0, Culture=neutral, PublicKeyToken=b03f5f7f11d50a3a" className="UnitTesting.UnitTest.UnitTestExampleTest, UnitTesting.Tests, Version=0.0.0.0, Culture=neutral, PublicKeyToken=null" name="CapitalizeWillNotCapitalizeAgain152" />
    </UnitTest>
    <UnitTest name="Capitalize439" storage="d:\unittesting\unittesting.tests\bin\debug\unittesting.tests.dll" id="857bbf81-c201-722e-80a2-55a1721ce552">
      <Execution id="4ad7c230-f948-42ed-b35d-94bee1bd351c" />
      <TestMethod codeBase="D:/UnitTesting/UnitTesting.Tests/bin/Debug/UnitTesting.Tests.DLL" adapterTypeName="Microsoft.VisualStudio.TestTools.TestTypes.Unit.UnitTestAdapter, Microsoft.VisualStudio.QualityTools.Tips.UnitTest.Adapter, Version=10.0.0.0, Culture=neutral, PublicKeyToken=b03f5f7f11d50a3a" className="UnitTesting.UnitTest.UnitTestExampleTest, UnitTesting.Tests, Version=0.0.0.0, Culture=neutral, PublicKeyToken=null" name="Capitalize439" />
    </UnitTest>
    <UnitTest name="CapitalizeMaintainsLettersCount783" storage="d:\unittesting\unittesting.tests\bin\debug\unittesting.tests.dll" id="ad1bedc1-a5c7-fbcd-57b0-3501001d2c43">
      <Execution id="11bc301f-586e-4fff-a7b2-37118d1415b4" />
      <TestMethod codeBase="D:/UnitTesting/UnitTesting.Tests/bin/Debug/UnitTesting.Tests.DLL" adapterTypeName="Microsoft.VisualStudio.TestTools.TestTypes.Unit.UnitTestAdapter, Microsoft.VisualStudio.QualityTools.Tips.UnitTest.Adapter, Version=10.0.0.0, Culture=neutral, PublicKeyToken=b03f5f7f11d50a3a" className="UnitTesting.UnitTest.UnitTestExampleTest, UnitTesting.Tests, Version=0.0.0.0, Culture=neutral, PublicKeyToken=null" name="CapitalizeMaintainsLettersCount783" />
    </UnitTest>
    <UnitTest name="CapitalizeWillNotCapitalizeAgain922" storage="d:\unittesting\unittesting.tests\bin\debug\unittesting.tests.dll" id="cb1d8462-afb3-7f94-91df-965237b709e4">
      <Execution id="b92d9fdd-9f36-4d23-90e9-af7f72c09fa6" />
      <TestMethod codeBase="D:/UnitTesting/UnitTesting.Tests/bin/Debug/UnitTesting.Tests.DLL" adapterTypeName="Microsoft.VisualStudio.TestTools.TestTypes.Unit.UnitTestAdapter, Microsoft.VisualStudio.QualityTools.Tips.UnitTest.Adapter, Version=10.0.0.0, Culture=neutral, PublicKeyToken=b03f5f7f11d50a3a" className="UnitTesting.UnitTest.UnitTestExampleTest, UnitTesting.Tests, Version=0.0.0.0, Culture=neutral, PublicKeyToken=null" name="CapitalizeWillNotCapitalizeAgain922" />
    </UnitTest>
    <UnitTest name="CapitalizeMaintainsLettersCount364" storage="d:\unittesting\unittesting.tests\bin\debug\unittesting.tests.dll" id="18b99908-134d-eaec-b7ce-3c4508c39b13">
      <Execution id="7de64379-2c90-46a0-a863-10164611d5af" />
      <TestMethod codeBase="D:/UnitTesting/UnitTesting.Tests/bin/Debug/UnitTesting.Tests.DLL" adapterTypeName="Microsoft.VisualStudio.TestTools.TestTypes.Unit.UnitTestAdapter, Microsoft.VisualStudio.QualityTools.Tips.UnitTest.Adapter, Version=10.0.0.0, Culture=neutral, PublicKeyToken=b03f5f7f11d50a3a" className="UnitTesting.UnitTest.UnitTestExampleTest, UnitTesting.Tests, Version=0.0.0.0, Culture=neutral, PublicKeyToken=null" name="CapitalizeMaintainsLettersCount364" />
    </UnitTest>
    <UnitTest name="Capitalize870" storage="d:\unittesting\unittesting.tests\bin\debug\unittesting.tests.dll" id="7fce61af-debc-9e65-89b8-b1bd9e05d829">
      <Execution id="656b1e3f-b1c3-4a3c-80fd-dcc5fce7595a" />
      <TestMethod codeBase="D:/UnitTesting/UnitTesting.Tests/bin/Debug/UnitTesting.Tests.DLL" adapterTypeName="Microsoft.VisualStudio.TestTools.TestTypes.Unit.UnitTestAdapter, Microsoft.VisualStudio.QualityTools.Tips.UnitTest.Adapter, Version=10.0.0.0, Culture=neutral, PublicKeyToken=b03f5f7f11d50a3a" className="UnitTesting.UnitTest.UnitTestExampleTest, UnitTesting.Tests, Version=0.0.0.0, Culture=neutral, PublicKeyToken=null" name="Capitalize870" />
    </UnitTest>
    <UnitTest name="Capitalize669" storage="d:\unittesting\unittesting.tests\bin\debug\unittesting.tests.dll" id="0b0cda2d-4418-34d5-7f36-05a75b09f624">
      <Execution id="1eacae83-5147-482f-92ee-31d0137dc42d" />
      <TestMethod codeBase="D:/UnitTesting/UnitTesting.Tests/bin/Debug/UnitTesting.Tests.DLL" adapterTypeName="Microsoft.VisualStudio.TestTools.TestTypes.Unit.UnitTestAdapter, Microsoft.VisualStudio.QualityTools.Tips.UnitTest.Adapter, Version=10.0.0.0, Culture=neutral, PublicKeyToken=b03f5f7f11d50a3a" className="UnitTesting.UnitTest.UnitTestExampleTest, UnitTesting.Tests, Version=0.0.0.0, Culture=neutral, PublicKeyToken=null" name="Capitalize669" />
    </UnitTest>
    <UnitTest name="CapitalizeThrowsArgumentNullException431" storage="d:\unittesting\unittesting.tests\bin\debug\unittesting.tests.dll" id="fe6f916b-813b-de9a-ba5e-a4dae929bd33">
      <Execution id="cba9c024-f888-415c-b2c0-9a2be644de7a" />
      <TestMethod codeBase="D:/UnitTesting/UnitTesting.Tests/bin/Debug/UnitTesting.Tests.DLL" adapterTypeName="Microsoft.VisualStudio.TestTools.TestTypes.Unit.UnitTestAdapter, Microsoft.VisualStudio.QualityTools.Tips.UnitTest.Adapter, Version=10.0.0.0, Culture=neutral, PublicKeyToken=b03f5f7f11d50a3a" className="UnitTesting.UnitTest.UnitTestExampleTest, UnitTesting.Tests, Version=0.0.0.0, Culture=neutral, PublicKeyToken=null" name="CapitalizeThrowsArgumentNullException431" />
    </UnitTest>
    <UnitTest name="Capitalize426" storage="d:\unittesting\unittesting.tests\bin\debug\unittesting.tests.dll" id="9f32a9ae-e02c-81cb-f60b-a304fec5965a">
      <Execution id="9fec2f72-6515-4678-945f-f809eb5d6da0" />
      <TestMethod codeBase="D:/UnitTesting/UnitTesting.Tests/bin/Debug/UnitTesting.Tests.DLL" adapterTypeName="Microsoft.VisualStudio.TestTools.TestTypes.Unit.UnitTestAdapter, Microsoft.VisualStudio.QualityTools.Tips.UnitTest.Adapter, Version=10.0.0.0, Culture=neutral, PublicKeyToken=b03f5f7f11d50a3a" className="UnitTesting.UnitTest.UnitTestExampleTest, UnitTesting.Tests, Version=0.0.0.0, Culture=neutral, PublicKeyToken=null" name="Capitalize426" />
    </UnitTest>
    <UnitTest name="CapitalizeWillNotCapitalizeAgain526" storage="d:\unittesting\unittesting.tests\bin\debug\unittesting.tests.dll" id="7a701d9e-d838-3de2-cf93-bbc6eea0334a">
      <Execution id="e7456660-cbb8-40bc-ac8f-f850d3852837" />
      <TestMethod codeBase="D:/UnitTesting/UnitTesting.Tests/bin/Debug/UnitTesting.Tests.DLL" adapterTypeName="Microsoft.VisualStudio.TestTools.TestTypes.Unit.UnitTestAdapter, Microsoft.VisualStudio.QualityTools.Tips.UnitTest.Adapter, Version=10.0.0.0, Culture=neutral, PublicKeyToken=b03f5f7f11d50a3a" className="UnitTesting.UnitTest.UnitTestExampleTest, UnitTesting.Tests, Version=0.0.0.0, Culture=neutral, PublicKeyToken=null" name="CapitalizeWillNotCapitalizeAgain526" />
    </UnitTest>
    <UnitTest name="GetFileContentThrowsInvalidOperationException872" storage="d:\unittesting\unittesting.tests\bin\debug\unittesting.tests.dll" id="ccdcdfdf-bf29-e3bd-24a2-1e04c71e9f65">
      <Execution id="24b4d0ce-f291-4a34-8e7e-cc954fd80837" />
      <TestMethod codeBase="D:/UnitTesting/UnitTesting.Tests/bin/Debug/UnitTesting.Tests.DLL" adapterTypeName="Microsoft.VisualStudio.TestTools.TestTypes.Unit.UnitTestAdapter, Microsoft.VisualStudio.QualityTools.Tips.UnitTest.Adapter, Version=10.0.0.0, Culture=neutral, PublicKeyToken=b03f5f7f11d50a3a" className="UnitTesting.UnitTest.UnitTestExampleTest, UnitTesting.Tests, Version=0.0.0.0, Culture=neutral, PublicKeyToken=null" name="GetFileContentThrowsInvalidOperationException872" />
    </UnitTest>
    <UnitTest name="Capitalize393" storage="d:\unittesting\unittesting.tests\bin\debug\unittesting.tests.dll" id="1c305f0e-2122-82a0-fa35-359f2155ea13">
      <Execution id="dfc8ecb9-aa40-412d-9b3a-656e8529791c" />
      <TestMethod codeBase="D:/UnitTesting/UnitTesting.Tests/bin/Debug/UnitTesting.Tests.DLL" adapterTypeName="Microsoft.VisualStudio.TestTools.TestTypes.Unit.UnitTestAdapter, Microsoft.VisualStudio.QualityTools.Tips.UnitTest.Adapter, Version=10.0.0.0, Culture=neutral, PublicKeyToken=b03f5f7f11d50a3a" className="UnitTesting.UnitTest.UnitTestExampleTest, UnitTesting.Tests, Version=0.0.0.0, Culture=neutral, PublicKeyToken=null" name="Capitalize393" />
    </UnitTest>
    <UnitTest name="CapitalizeReturnsOnlyLettersAndUnderscores467" storage="d:\unittesting\unittesting.tests\bin\debug\unittesting.tests.dll" id="3bcaf3e5-14e0-4491-ddba-1741f472a94c">
      <Execution id="88790403-2824-49b7-855f-81d173002cc0" />
      <TestMethod codeBase="D:/UnitTesting/UnitTesting.Tests/bin/Debug/UnitTesting.Tests.DLL" adapterTypeName="Microsoft.VisualStudio.TestTools.TestTypes.Unit.UnitTestAdapter, Microsoft.VisualStudio.QualityTools.Tips.UnitTest.Adapter, Version=10.0.0.0, Culture=neutral, PublicKeyToken=b03f5f7f11d50a3a" className="UnitTesting.UnitTest.UnitTestExampleTest, UnitTesting.Tests, Version=0.0.0.0, Culture=neutral, PublicKeyToken=null" name="CapitalizeReturnsOnlyLettersAndUnderscores467" />
    </UnitTest>
    <UnitTest name="CapitalizeReturnsOnlyLettersAndUnderscores868" storage="d:\unittesting\unittesting.tests\bin\debug\unittesting.tests.dll" id="79c80897-a058-67d7-18d0-da5398d6323f">
      <Execution id="e1ac993d-f5fa-496c-bf59-5614d5f5fba5" />
      <TestMethod codeBase="D:/UnitTesting/UnitTesting.Tests/bin/Debug/UnitTesting.Tests.DLL" adapterTypeName="Microsoft.VisualStudio.TestTools.TestTypes.Unit.UnitTestAdapter, Microsoft.VisualStudio.QualityTools.Tips.UnitTest.Adapter, Version=10.0.0.0, Culture=neutral, PublicKeyToken=b03f5f7f11d50a3a" className="UnitTesting.UnitTest.UnitTestExampleTest, UnitTesting.Tests, Version=0.0.0.0, Culture=neutral, PublicKeyToken=null" name="CapitalizeReturnsOnlyLettersAndUnderscores868" />
    </UnitTest>
    <UnitTest name="CapitalizeWillNotCapitalizeAgain364" storage="d:\unittesting\unittesting.tests\bin\debug\unittesting.tests.dll" id="2b61789e-1697-3d8a-fc35-391a94542a91">
      <Execution id="e88439b8-a8da-4332-a1b2-6019f0271dae" />
      <TestMethod codeBase="D:/UnitTesting/UnitTesting.Tests/bin/Debug/UnitTesting.Tests.DLL" adapterTypeName="Microsoft.VisualStudio.TestTools.TestTypes.Unit.UnitTestAdapter, Microsoft.VisualStudio.QualityTools.Tips.UnitTest.Adapter, Version=10.0.0.0, Culture=neutral, PublicKeyToken=b03f5f7f11d50a3a" className="UnitTesting.UnitTest.UnitTestExampleTest, UnitTesting.Tests, Version=0.0.0.0, Culture=neutral, PublicKeyToken=null" name="CapitalizeWillNotCapitalizeAgain364" />
    </UnitTest>
    <UnitTest name="CapitalizeMaintainsLettersCount396" storage="d:\unittesting\unittesting.tests\bin\debug\unittesting.tests.dll" id="44e631e4-b5d7-181f-4d68-fd8e770558c9">
      <Execution id="1f07c839-b035-4be5-aa9a-21caa0b6ac5c" />
      <TestMethod codeBase="D:/UnitTesting/UnitTesting.Tests/bin/Debug/UnitTesting.Tests.DLL" adapterTypeName="Microsoft.VisualStudio.TestTools.TestTypes.Unit.UnitTestAdapter, Microsoft.VisualStudio.QualityTools.Tips.UnitTest.Adapter, Version=10.0.0.0, Culture=neutral, PublicKeyToken=b03f5f7f11d50a3a" className="UnitTesting.UnitTest.UnitTestExampleTest, UnitTesting.Tests, Version=0.0.0.0, Culture=neutral, PublicKeyToken=null" name="CapitalizeMaintainsLettersCount396" />
    </UnitTest>
    <UnitTest name="Capitalize727" storage="d:\unittesting\unittesting.tests\bin\debug\unittesting.tests.dll" id="32c50493-9e02-123b-352c-a193505a23db">
      <Execution id="4a63adaa-b19f-42ef-95ea-8c1033013d3b" />
      <TestMethod codeBase="D:/UnitTesting/UnitTesting.Tests/bin/Debug/UnitTesting.Tests.DLL" adapterTypeName="Microsoft.VisualStudio.TestTools.TestTypes.Unit.UnitTestAdapter, Microsoft.VisualStudio.QualityTools.Tips.UnitTest.Adapter, Version=10.0.0.0, Culture=neutral, PublicKeyToken=b03f5f7f11d50a3a" className="UnitTesting.UnitTest.UnitTestExampleTest, UnitTesting.Tests, Version=0.0.0.0, Culture=neutral, PublicKeyToken=null" name="Capitalize727" />
    </UnitTest>
    <UnitTest name="CapitalizeReturnsOnlyLettersAndUnderscores364" storage="d:\unittesting\unittesting.tests\bin\debug\unittesting.tests.dll" id="3d403cbb-7b5d-6219-f8e7-8111151e0d92">
      <Execution id="bfff571c-d69b-4017-bd05-f19cb7ccfe5a" />
      <TestMethod codeBase="D:/UnitTesting/UnitTesting.Tests/bin/Debug/UnitTesting.Tests.DLL" adapterTypeName="Microsoft.VisualStudio.TestTools.TestTypes.Unit.UnitTestAdapter, Microsoft.VisualStudio.QualityTools.Tips.UnitTest.Adapter, Version=10.0.0.0, Culture=neutral, PublicKeyToken=b03f5f7f11d50a3a" className="UnitTesting.UnitTest.UnitTestExampleTest, UnitTesting.Tests, Version=0.0.0.0, Culture=neutral, PublicKeyToken=null" name="CapitalizeReturnsOnlyLettersAndUnderscores364" />
    </UnitTest>
    <UnitTest name="Capitalize538" storage="d:\unittesting\unittesting.tests\bin\debug\unittesting.tests.dll" id="9586abf1-1916-656c-9f38-28806581572c">
      <Execution id="037b4fd6-f409-4ec2-9e6b-44b81cc01e2a" />
      <TestMethod codeBase="D:/UnitTesting/UnitTesting.Tests/bin/Debug/UnitTesting.Tests.DLL" adapterTypeName="Microsoft.VisualStudio.TestTools.TestTypes.Unit.UnitTestAdapter, Microsoft.VisualStudio.QualityTools.Tips.UnitTest.Adapter, Version=10.0.0.0, Culture=neutral, PublicKeyToken=b03f5f7f11d50a3a" className="UnitTesting.UnitTest.UnitTestExampleTest, UnitTesting.Tests, Version=0.0.0.0, Culture=neutral, PublicKeyToken=null" name="Capitalize538" />
    </UnitTest>
    <UnitTest name="Capitalize983" storage="d:\unittesting\unittesting.tests\bin\debug\unittesting.tests.dll" id="11673649-73ef-a18d-789f-eb42fbbc4c39">
      <Execution id="b05cd303-3005-4ec3-8ad5-fe09eac45302" />
      <TestMethod codeBase="D:/UnitTesting/UnitTesting.Tests/bin/Debug/UnitTesting.Tests.DLL" adapterTypeName="Microsoft.VisualStudio.TestTools.TestTypes.Unit.UnitTestAdapter, Microsoft.VisualStudio.QualityTools.Tips.UnitTest.Adapter, Version=10.0.0.0, Culture=neutral, PublicKeyToken=b03f5f7f11d50a3a" className="UnitTesting.UnitTest.UnitTestExampleTest, UnitTesting.Tests, Version=0.0.0.0, Culture=neutral, PublicKeyToken=null" name="Capitalize983" />
    </UnitTest>
    <UnitTest name="CapitalizeMaintainsLettersCount526" storage="d:\unittesting\unittesting.tests\bin\debug\unittesting.tests.dll" id="00b5d9cb-87e8-aafa-92ff-76361c36953e">
      <Execution id="3af28574-f881-49e9-8f35-3b669aafc053" />
      <TestMethod codeBase="D:/UnitTesting/UnitTesting.Tests/bin/Debug/UnitTesting.Tests.DLL" adapterTypeName="Microsoft.VisualStudio.TestTools.TestTypes.Unit.UnitTestAdapter, Microsoft.VisualStudio.QualityTools.Tips.UnitTest.Adapter, Version=10.0.0.0, Culture=neutral, PublicKeyToken=b03f5f7f11d50a3a" className="UnitTesting.UnitTest.UnitTestExampleTest, UnitTesting.Tests, Version=0.0.0.0, Culture=neutral, PublicKeyToken=null" name="CapitalizeMaintainsLettersCount526" />
    </UnitTest>
    <UnitTest name="CapitalizeMaintainsLettersCountThrowsArgumentNullException456" storage="d:\unittesting\unittesting.tests\bin\debug\unittesting.tests.dll" id="81125343-0239-d209-bf9d-1496e0388d56">
      <Execution id="e0e8b2e0-6a80-46d4-83b6-075e0e0df385" />
      <TestMethod codeBase="D:/UnitTesting/UnitTesting.Tests/bin/Debug/UnitTesting.Tests.DLL" adapterTypeName="Microsoft.VisualStudio.TestTools.TestTypes.Unit.UnitTestAdapter, Microsoft.VisualStudio.QualityTools.Tips.UnitTest.Adapter, Version=10.0.0.0, Culture=neutral, PublicKeyToken=b03f5f7f11d50a3a" className="UnitTesting.UnitTest.UnitTestExampleTest, UnitTesting.Tests, Version=0.0.0.0, Culture=neutral, PublicKeyToken=null" name="CapitalizeMaintainsLettersCountThrowsArgumentNullException456" />
    </UnitTest>
    <UnitTest name="GetFileContentUsingInterfaceThrowsInvalidOperationException870" storage="d:\unittesting\unittesting.tests\bin\debug\unittesting.tests.dll" id="bcd71365-5244-6bf9-3d45-d722213ec6d7">
      <Execution id="efc75b38-4179-451c-a696-e7d7c586d619" />
      <TestMethod codeBase="D:/UnitTesting/UnitTesting.Tests/bin/Debug/UnitTesting.Tests.DLL" adapterTypeName="Microsoft.VisualStudio.TestTools.TestTypes.Unit.UnitTestAdapter, Microsoft.VisualStudio.QualityTools.Tips.UnitTest.Adapter, Version=10.0.0.0, Culture=neutral, PublicKeyToken=b03f5f7f11d50a3a" className="UnitTesting.UnitTest.UnitTestExampleTest, UnitTesting.Tests, Version=0.0.0.0, Culture=neutral, PublicKeyToken=null" name="GetFileContentUsingInterfaceThrowsInvalidOperationException870" />
    </UnitTest>
    <UnitTest name="CapitalizeReturnsOnlyLettersAndUnderscores922" storage="d:\unittesting\unittesting.tests\bin\debug\unittesting.tests.dll" id="ffc272b0-94bb-5a6b-af71-ab673aa3d28d">
      <Execution id="f24a13ef-c6ee-4f51-a5ea-6a0821067481" />
      <TestMethod codeBase="D:/UnitTesting/UnitTesting.Tests/bin/Debug/UnitTesting.Tests.DLL" adapterTypeName="Microsoft.VisualStudio.TestTools.TestTypes.Unit.UnitTestAdapter, Microsoft.VisualStudio.QualityTools.Tips.UnitTest.Adapter, Version=10.0.0.0, Culture=neutral, PublicKeyToken=b03f5f7f11d50a3a" className="UnitTesting.UnitTest.UnitTestExampleTest, UnitTesting.Tests, Version=0.0.0.0, Culture=neutral, PublicKeyToken=null" name="CapitalizeReturnsOnlyLettersAndUnderscores922" />
    </UnitTest>
    <UnitTest name="GetFileContentUsingInterface206" storage="d:\unittesting\unittesting.tests\bin\debug\unittesting.tests.dll" id="1ede0e4d-9b27-4da5-e515-ea6117bec58e">
      <Execution id="45746cd5-806e-4061-aa15-e7c7aec34001" />
      <TestMethod codeBase="D:/UnitTesting/UnitTesting.Tests/bin/Debug/UnitTesting.Tests.DLL" adapterTypeName="Microsoft.VisualStudio.TestTools.TestTypes.Unit.UnitTestAdapter, Microsoft.VisualStudio.QualityTools.Tips.UnitTest.Adapter, Version=10.0.0.0, Culture=neutral, PublicKeyToken=b03f5f7f11d50a3a" className="UnitTesting.UnitTest.UnitTestExampleTest, UnitTesting.Tests, Version=0.0.0.0, Culture=neutral, PublicKeyToken=null" name="GetFileContentUsingInterface206" />
    </UnitTest>
    <UnitTest name="Capitalize411" storage="d:\unittesting\unittesting.tests\bin\debug\unittesting.tests.dll" id="6244c7a8-f694-792b-71e3-31800aa56da7">
      <Execution id="45214b0c-7dab-4644-8fa1-39367ea280b5" />
      <TestMethod codeBase="D:/UnitTesting/UnitTesting.Tests/bin/Debug/UnitTesting.Tests.DLL" adapterTypeName="Microsoft.VisualStudio.TestTools.TestTypes.Unit.UnitTestAdapter, Microsoft.VisualStudio.QualityTools.Tips.UnitTest.Adapter, Version=10.0.0.0, Culture=neutral, PublicKeyToken=b03f5f7f11d50a3a" className="UnitTesting.UnitTest.UnitTestExampleTest, UnitTesting.Tests, Version=0.0.0.0, Culture=neutral, PublicKeyToken=null" name="Capitalize411" />
    </UnitTest>
    <UnitTest name="CapitalizeWillNotCapitalizeAgainThrowsArgumentNullException94" storage="d:\unittesting\unittesting.tests\bin\debug\unittesting.tests.dll" id="d74eabe9-3c22-076f-f9e5-e0fcd1dd212b">
      <Execution id="e7c33f18-0a26-4fef-9dd0-80e4d7461c17" />
      <TestMethod codeBase="D:/UnitTesting/UnitTesting.Tests/bin/Debug/UnitTesting.Tests.DLL" adapterTypeName="Microsoft.VisualStudio.TestTools.TestTypes.Unit.UnitTestAdapter, Microsoft.VisualStudio.QualityTools.Tips.UnitTest.Adapter, Version=10.0.0.0, Culture=neutral, PublicKeyToken=b03f5f7f11d50a3a" className="UnitTesting.UnitTest.UnitTestExampleTest, UnitTesting.Tests, Version=0.0.0.0, Culture=neutral, PublicKeyToken=null" name="CapitalizeWillNotCapitalizeAgainThrowsArgumentNullException94" />
    </UnitTest>
    <UnitTest name="Capitalize582" storage="d:\unittesting\unittesting.tests\bin\debug\unittesting.tests.dll" id="5f2f75cc-5412-5d31-09f2-a91f8adce426">
      <Execution id="3bf3a6b9-7217-4428-a585-fdcbe30afd2b" />
      <TestMethod codeBase="D:/UnitTesting/UnitTesting.Tests/bin/Debug/UnitTesting.Tests.DLL" adapterTypeName="Microsoft.VisualStudio.TestTools.TestTypes.Unit.UnitTestAdapter, Microsoft.VisualStudio.QualityTools.Tips.UnitTest.Adapter, Version=10.0.0.0, Culture=neutral, PublicKeyToken=b03f5f7f11d50a3a" className="UnitTesting.UnitTest.UnitTestExampleTest, UnitTesting.Tests, Version=0.0.0.0, Culture=neutral, PublicKeyToken=null" name="Capitalize582" />
    </UnitTest>
    <UnitTest name="CapitalizeMaintainsLettersCount217" storage="d:\unittesting\unittesting.tests\bin\debug\unittesting.tests.dll" id="970f2100-c46d-c075-9bcf-514836a4ac8f">
      <Execution id="68e58d70-4ef3-444e-9c1d-0a5505266faf" />
      <TestMethod codeBase="D:/UnitTesting/UnitTesting.Tests/bin/Debug/UnitTesting.Tests.DLL" adapterTypeName="Microsoft.VisualStudio.TestTools.TestTypes.Unit.UnitTestAdapter, Microsoft.VisualStudio.QualityTools.Tips.UnitTest.Adapter, Version=10.0.0.0, Culture=neutral, PublicKeyToken=b03f5f7f11d50a3a" className="UnitTesting.UnitTest.UnitTestExampleTest, UnitTesting.Tests, Version=0.0.0.0, Culture=neutral, PublicKeyToken=null" name="CapitalizeMaintainsLettersCount217" />
    </UnitTest>
    <UnitTest name="CapitalizeMaintainsLettersCount554" storage="d:\unittesting\unittesting.tests\bin\debug\unittesting.tests.dll" id="11eac963-cd48-c63a-1e13-706bb87c650d">
      <Execution id="09c502b8-478b-4c75-bb74-4cb9682e15f6" />
      <TestMethod codeBase="D:/UnitTesting/UnitTesting.Tests/bin/Debug/UnitTesting.Tests.DLL" adapterTypeName="Microsoft.VisualStudio.TestTools.TestTypes.Unit.UnitTestAdapter, Microsoft.VisualStudio.QualityTools.Tips.UnitTest.Adapter, Version=10.0.0.0, Culture=neutral, PublicKeyToken=b03f5f7f11d50a3a" className="UnitTesting.UnitTest.UnitTestExampleTest, UnitTesting.Tests, Version=0.0.0.0, Culture=neutral, PublicKeyToken=null" name="CapitalizeMaintainsLettersCount554" />
    </UnitTest>
    <UnitTest name="CapitalizeReturnsOnlyLettersAndUnderscores396" storage="d:\unittesting\unittesting.tests\bin\debug\unittesting.tests.dll" id="e9efd049-7300-2d2c-d54e-7e46c4383668">
      <Execution id="eb2af0d9-7e30-433e-bf0f-f4ed8f84beaa" />
      <TestMethod codeBase="D:/UnitTesting/UnitTesting.Tests/bin/Debug/UnitTesting.Tests.DLL" adapterTypeName="Microsoft.VisualStudio.TestTools.TestTypes.Unit.UnitTestAdapter, Microsoft.VisualStudio.QualityTools.Tips.UnitTest.Adapter, Version=10.0.0.0, Culture=neutral, PublicKeyToken=b03f5f7f11d50a3a" className="UnitTesting.UnitTest.UnitTestExampleTest, UnitTesting.Tests, Version=0.0.0.0, Culture=neutral, PublicKeyToken=null" name="CapitalizeReturnsOnlyLettersAndUnderscores396" />
    </UnitTest>
    <UnitTest name="CapitalizeReturnsOnlyLettersAndUnderscores152" storage="d:\unittesting\unittesting.tests\bin\debug\unittesting.tests.dll" id="56298f22-4179-f485-78de-86a5d60a5d08">
      <Execution id="dc0892a1-acaa-4b32-b61c-a644677fb5fe" />
      <TestMethod codeBase="D:/UnitTesting/UnitTesting.Tests/bin/Debug/UnitTesting.Tests.DLL" adapterTypeName="Microsoft.VisualStudio.TestTools.TestTypes.Unit.UnitTestAdapter, Microsoft.VisualStudio.QualityTools.Tips.UnitTest.Adapter, Version=10.0.0.0, Culture=neutral, PublicKeyToken=b03f5f7f11d50a3a" className="UnitTesting.UnitTest.UnitTestExampleTest, UnitTesting.Tests, Version=0.0.0.0, Culture=neutral, PublicKeyToken=null" name="CapitalizeReturnsOnlyLettersAndUnderscores152" />
    </UnitTest>
    <UnitTest name="GetFileContentThrowsInvalidOperationException289" storage="d:\unittesting\unittesting.tests\bin\debug\unittesting.tests.dll" id="1140ad8a-5782-5964-5512-0068887264c1">
      <Execution id="70ed891e-78f5-4f10-ad6d-1e872377cb5d" />
      <TestMethod codeBase="D:/UnitTesting/UnitTesting.Tests/bin/Debug/UnitTesting.Tests.DLL" adapterTypeName="Microsoft.VisualStudio.TestTools.TestTypes.Unit.UnitTestAdapter, Microsoft.VisualStudio.QualityTools.Tips.UnitTest.Adapter, Version=10.0.0.0, Culture=neutral, PublicKeyToken=b03f5f7f11d50a3a" className="UnitTesting.UnitTest.UnitTestExampleTest, UnitTesting.Tests, Version=0.0.0.0, Culture=neutral, PublicKeyToken=null" name="GetFileContentThrowsInvalidOperationException289" />
    </UnitTest>
    <UnitTest name="Capitalize630" storage="d:\unittesting\unittesting.tests\bin\debug\unittesting.tests.dll" id="d12dbe24-1c39-68f0-8ad8-90a9466ffcc8">
      <Execution id="143aeed2-7da6-4a60-bbc9-44a09573718a" />
      <TestMethod codeBase="D:/UnitTesting/UnitTesting.Tests/bin/Debug/UnitTesting.Tests.DLL" adapterTypeName="Microsoft.VisualStudio.TestTools.TestTypes.Unit.UnitTestAdapter, Microsoft.VisualStudio.QualityTools.Tips.UnitTest.Adapter, Version=10.0.0.0, Culture=neutral, PublicKeyToken=b03f5f7f11d50a3a" className="UnitTesting.UnitTest.UnitTestExampleTest, UnitTesting.Tests, Version=0.0.0.0, Culture=neutral, PublicKeyToken=null" name="Capitalize630" />
    </UnitTest>
    <UnitTest name="CapitalizeWillNotCapitalizeAgain154" storage="d:\unittesting\unittesting.tests\bin\debug\unittesting.tests.dll" id="a7c0bbe4-08c3-8d20-5f9f-61ce3c31ff08">
      <Execution id="e4ee6c6a-49c6-4af9-9a50-4d73d12f7a7f" />
      <TestMethod codeBase="D:/UnitTesting/UnitTesting.Tests/bin/Debug/UnitTesting.Tests.DLL" adapterTypeName="Microsoft.VisualStudio.TestTools.TestTypes.Unit.UnitTestAdapter, Microsoft.VisualStudio.QualityTools.Tips.UnitTest.Adapter, Version=10.0.0.0, Culture=neutral, PublicKeyToken=b03f5f7f11d50a3a" className="UnitTesting.UnitTest.UnitTestExampleTest, UnitTesting.Tests, Version=0.0.0.0, Culture=neutral, PublicKeyToken=null" name="CapitalizeWillNotCapitalizeAgain154" />
    </UnitTest>
    <UnitTest name="CapitalizeMaintainsLettersCount922" storage="d:\unittesting\unittesting.tests\bin\debug\unittesting.tests.dll" id="fd22e181-5e6b-b782-2fee-13e8f5775f21">
      <Execution id="9e7925df-a089-47a4-912d-8f60f548fd35" />
      <TestMethod codeBase="D:/UnitTesting/UnitTesting.Tests/bin/Debug/UnitTesting.Tests.DLL" adapterTypeName="Microsoft.VisualStudio.TestTools.TestTypes.Unit.UnitTestAdapter, Microsoft.VisualStudio.QualityTools.Tips.UnitTest.Adapter, Version=10.0.0.0, Culture=neutral, PublicKeyToken=b03f5f7f11d50a3a" className="UnitTesting.UnitTest.UnitTestExampleTest, UnitTesting.Tests, Version=0.0.0.0, Culture=neutral, PublicKeyToken=null" name="CapitalizeMaintainsLettersCount922" />
    </UnitTest>
    <UnitTest name="CapitalizeReturnsOnlyLettersAndUnderscores18" storage="d:\unittesting\unittesting.tests\bin\debug\unittesting.tests.dll" id="6d5815c6-23ba-5872-a43b-ee95a3b341b4">
      <Execution id="43f0f53f-5525-416a-87bb-28c52718fd21" />
      <TestMethod codeBase="D:/UnitTesting/UnitTesting.Tests/bin/Debug/UnitTesting.Tests.DLL" adapterTypeName="Microsoft.VisualStudio.TestTools.TestTypes.Unit.UnitTestAdapter, Microsoft.VisualStudio.QualityTools.Tips.UnitTest.Adapter, Version=10.0.0.0, Culture=neutral, PublicKeyToken=b03f5f7f11d50a3a" className="UnitTesting.UnitTest.UnitTestExampleTest, UnitTesting.Tests, Version=0.0.0.0, Culture=neutral, PublicKeyToken=null" name="CapitalizeReturnsOnlyLettersAndUnderscores18" />
    </UnitTest>
    <UnitTest name="CapitalizeReturnsOnlyLettersAndUnderscores526" storage="d:\unittesting\unittesting.tests\bin\debug\unittesting.tests.dll" id="9ba2d526-786a-1bbf-7afc-8ac7d326b2c1">
      <Execution id="d86c0410-72d3-4fcb-b25b-b3ca4aaf1b61" />
      <TestMethod codeBase="D:/UnitTesting/UnitTesting.Tests/bin/Debug/UnitTesting.Tests.DLL" adapterTypeName="Microsoft.VisualStudio.TestTools.TestTypes.Unit.UnitTestAdapter, Microsoft.VisualStudio.QualityTools.Tips.UnitTest.Adapter, Version=10.0.0.0, Culture=neutral, PublicKeyToken=b03f5f7f11d50a3a" className="UnitTesting.UnitTest.UnitTestExampleTest, UnitTesting.Tests, Version=0.0.0.0, Culture=neutral, PublicKeyToken=null" name="CapitalizeReturnsOnlyLettersAndUnderscores526" />
    </UnitTest>
    <UnitTest name="CapitalizeReturnsOnlyLettersAndUnderscores217" storage="d:\unittesting\unittesting.tests\bin\debug\unittesting.tests.dll" id="2b4f90dd-c5b0-f0cd-a882-7c4135cabb3d">
      <Execution id="a4062771-6b50-481c-adc8-87962b92d414" />
      <TestMethod codeBase="D:/UnitTesting/UnitTesting.Tests/bin/Debug/UnitTesting.Tests.DLL" adapterTypeName="Microsoft.VisualStudio.TestTools.TestTypes.Unit.UnitTestAdapter, Microsoft.VisualStudio.QualityTools.Tips.UnitTest.Adapter, Version=10.0.0.0, Culture=neutral, PublicKeyToken=b03f5f7f11d50a3a" className="UnitTesting.UnitTest.UnitTestExampleTest, UnitTesting.Tests, Version=0.0.0.0, Culture=neutral, PublicKeyToken=null" name="CapitalizeReturnsOnlyLettersAndUnderscores217" />
    </UnitTest>
    <UnitTest name="CapitalizeWillNotCapitalizeAgain396" storage="d:\unittesting\unittesting.tests\bin\debug\unittesting.tests.dll" id="1d31fac9-138c-bfce-9b5a-615340ab0790">
      <Execution id="87e0dc22-3456-487b-90b1-54f6347d2a8a" />
      <TestMethod codeBase="D:/UnitTesting/UnitTesting.Tests/bin/Debug/UnitTesting.Tests.DLL" adapterTypeName="Microsoft.VisualStudio.TestTools.TestTypes.Unit.UnitTestAdapter, Microsoft.VisualStudio.QualityTools.Tips.UnitTest.Adapter, Version=10.0.0.0, Culture=neutral, PublicKeyToken=b03f5f7f11d50a3a" className="UnitTesting.UnitTest.UnitTestExampleTest, UnitTesting.Tests, Version=0.0.0.0, Culture=neutral, PublicKeyToken=null" name="CapitalizeWillNotCapitalizeAgain396" />
    </UnitTest>
    <UnitTest name="CapitalizeMaintainsLettersCount152" storage="d:\unittesting\unittesting.tests\bin\debug\unittesting.tests.dll" id="7a794a80-a2cd-4190-4d8a-aa1521646eac">
      <Execution id="f7fc6104-2e04-489e-99a3-82a82eef6d8d" />
      <TestMethod codeBase="D:/UnitTesting/UnitTesting.Tests/bin/Debug/UnitTesting.Tests.DLL" adapterTypeName="Microsoft.VisualStudio.TestTools.TestTypes.Unit.UnitTestAdapter, Microsoft.VisualStudio.QualityTools.Tips.UnitTest.Adapter, Version=10.0.0.0, Culture=neutral, PublicKeyToken=b03f5f7f11d50a3a" className="UnitTesting.UnitTest.UnitTestExampleTest, UnitTesting.Tests, Version=0.0.0.0, Culture=neutral, PublicKeyToken=null" name="CapitalizeMaintainsLettersCount152" />
    </UnitTest>
    <UnitTest name="CapitalizeReturnsOnlyLettersAndUnderscores747" storage="d:\unittesting\unittesting.tests\bin\debug\unittesting.tests.dll" id="ac8a02b8-4520-7126-d606-4c06713cd247">
      <Execution id="9710e636-92a9-4716-8dd8-247262c547f9" />
      <TestMethod codeBase="D:/UnitTesting/UnitTesting.Tests/bin/Debug/UnitTesting.Tests.DLL" adapterTypeName="Microsoft.VisualStudio.TestTools.TestTypes.Unit.UnitTestAdapter, Microsoft.VisualStudio.QualityTools.Tips.UnitTest.Adapter, Version=10.0.0.0, Culture=neutral, PublicKeyToken=b03f5f7f11d50a3a" className="UnitTesting.UnitTest.UnitTestExampleTest, UnitTesting.Tests, Version=0.0.0.0, Culture=neutral, PublicKeyToken=null" name="CapitalizeReturnsOnlyLettersAndUnderscores747" />
    </UnitTest>
    <UnitTest name="CapitalizeReturnsOnlyLettersAndUnderscoresThrowsArgumentNullException34" storage="d:\unittesting\unittesting.tests\bin\debug\unittesting.tests.dll" id="2c9cbc39-1930-d32a-c417-d9c1ba5049f7">
      <Execution id="6adf22e3-37d8-49a8-9823-00584911c1e1" />
      <TestMethod codeBase="D:/UnitTesting/UnitTesting.Tests/bin/Debug/UnitTesting.Tests.DLL" adapterTypeName="Microsoft.VisualStudio.TestTools.TestTypes.Unit.UnitTestAdapter, Microsoft.VisualStudio.QualityTools.Tips.UnitTest.Adapter, Version=10.0.0.0, Culture=neutral, PublicKeyToken=b03f5f7f11d50a3a" className="UnitTesting.UnitTest.UnitTestExampleTest, UnitTesting.Tests, Version=0.0.0.0, Culture=neutral, PublicKeyToken=null" name="CapitalizeReturnsOnlyLettersAndUnderscoresThrowsArgumentNullException34" />
    </UnitTest>
  </TestDefinitions>
  <TestLists>
    <TestList name="Results Not in a List" id="8c84fa94-04c1-424b-9868-57a2d4851a1d" />
    <TestList name="All Loaded Results" id="19431567-8539-422a-85d7-44ee4e166bda" />
  </TestLists>
  <TestEntries>
    <TestEntry testId="b7f3efec-29a9-2716-6876-d6615fdd6aff" executionId="dbad2cb9-d100-4b85-b408-68e7c6c35b8b" testListId="8c84fa94-04c1-424b-9868-57a2d4851a1d" />
    <TestEntry testId="bcd71365-5244-6bf9-3d45-d722213ec6d7" executionId="efc75b38-4179-451c-a696-e7d7c586d619" testListId="8c84fa94-04c1-424b-9868-57a2d4851a1d" />
    <TestEntry testId="1ede0e4d-9b27-4da5-e515-ea6117bec58e" executionId="45746cd5-806e-4061-aa15-e7c7aec34001" testListId="8c84fa94-04c1-424b-9868-57a2d4851a1d" />
    <TestEntry testId="ccdcdfdf-bf29-e3bd-24a2-1e04c71e9f65" executionId="24b4d0ce-f291-4a34-8e7e-cc954fd80837" testListId="8c84fa94-04c1-424b-9868-57a2d4851a1d" />
    <TestEntry testId="1140ad8a-5782-5964-5512-0068887264c1" executionId="70ed891e-78f5-4f10-ad6d-1e872377cb5d" testListId="8c84fa94-04c1-424b-9868-57a2d4851a1d" />
    <TestEntry testId="f215b841-a8ab-1789-85e6-22faabddcb98" executionId="113301ff-32d2-4a6f-9a2a-60180e8db9a2" testListId="8c84fa94-04c1-424b-9868-57a2d4851a1d" />
    <TestEntry testId="d74eabe9-3c22-076f-f9e5-e0fcd1dd212b" executionId="e7c33f18-0a26-4fef-9dd0-80e4d7461c17" testListId="8c84fa94-04c1-424b-9868-57a2d4851a1d" />
    <TestEntry testId="cb1d8462-afb3-7f94-91df-965237b709e4" executionId="b92d9fdd-9f36-4d23-90e9-af7f72c09fa6" testListId="8c84fa94-04c1-424b-9868-57a2d4851a1d" />
    <TestEntry testId="7a701d9e-d838-3de2-cf93-bbc6eea0334a" executionId="e7456660-cbb8-40bc-ac8f-f850d3852837" testListId="8c84fa94-04c1-424b-9868-57a2d4851a1d" />
    <TestEntry testId="1d31fac9-138c-bfce-9b5a-615340ab0790" executionId="87e0dc22-3456-487b-90b1-54f6347d2a8a" testListId="8c84fa94-04c1-424b-9868-57a2d4851a1d" />
    <TestEntry testId="2b61789e-1697-3d8a-fc35-391a94542a91" executionId="e88439b8-a8da-4332-a1b2-6019f0271dae" testListId="8c84fa94-04c1-424b-9868-57a2d4851a1d" />
    <TestEntry testId="a7c0bbe4-08c3-8d20-5f9f-61ce3c31ff08" executionId="e4ee6c6a-49c6-4af9-9a50-4d73d12f7a7f" testListId="8c84fa94-04c1-424b-9868-57a2d4851a1d" />
    <TestEntry testId="940408a2-0424-231e-5ec0-96321f043a67" executionId="83669142-4975-4000-9ad3-7cd58c1b5834" testListId="8c84fa94-04c1-424b-9868-57a2d4851a1d" />
    <TestEntry testId="fe6f916b-813b-de9a-ba5e-a4dae929bd33" executionId="cba9c024-f888-415c-b2c0-9a2be644de7a" testListId="8c84fa94-04c1-424b-9868-57a2d4851a1d" />
    <TestEntry testId="2c9cbc39-1930-d32a-c417-d9c1ba5049f7" executionId="6adf22e3-37d8-49a8-9823-00584911c1e1" testListId="8c84fa94-04c1-424b-9868-57a2d4851a1d" />
    <TestEntry testId="ffc272b0-94bb-5a6b-af71-ab673aa3d28d" executionId="f24a13ef-c6ee-4f51-a5ea-6a0821067481" testListId="8c84fa94-04c1-424b-9868-57a2d4851a1d" />
    <TestEntry testId="79c80897-a058-67d7-18d0-da5398d6323f" executionId="e1ac993d-f5fa-496c-bf59-5614d5f5fba5" testListId="8c84fa94-04c1-424b-9868-57a2d4851a1d" />
    <TestEntry testId="ac8a02b8-4520-7126-d606-4c06713cd247" executionId="9710e636-92a9-4716-8dd8-247262c547f9" testListId="8c84fa94-04c1-424b-9868-57a2d4851a1d" />
    <TestEntry testId="9ba2d526-786a-1bbf-7afc-8ac7d326b2c1" executionId="d86c0410-72d3-4fcb-b25b-b3ca4aaf1b61" testListId="8c84fa94-04c1-424b-9868-57a2d4851a1d" />
    <TestEntry testId="3bcaf3e5-14e0-4491-ddba-1741f472a94c" executionId="88790403-2824-49b7-855f-81d173002cc0" testListId="8c84fa94-04c1-424b-9868-57a2d4851a1d" />
    <TestEntry testId="e9efd049-7300-2d2c-d54e-7e46c4383668" executionId="eb2af0d9-7e30-433e-bf0f-f4ed8f84beaa" testListId="8c84fa94-04c1-424b-9868-57a2d4851a1d" />
    <TestEntry testId="3d403cbb-7b5d-6219-f8e7-8111151e0d92" executionId="bfff571c-d69b-4017-bd05-f19cb7ccfe5a" testListId="8c84fa94-04c1-424b-9868-57a2d4851a1d" />
    <TestEntry testId="8fe2b1c5-6978-e869-fcf8-0637b12ec7dd" executionId="d439b3c7-dd9b-42c0-bffa-2ac81c8cac94" testListId="8c84fa94-04c1-424b-9868-57a2d4851a1d" />
    <TestEntry testId="2b4f90dd-c5b0-f0cd-a882-7c4135cabb3d" executionId="a4062771-6b50-481c-adc8-87962b92d414" testListId="8c84fa94-04c1-424b-9868-57a2d4851a1d" />
    <TestEntry testId="6d5815c6-23ba-5872-a43b-ee95a3b341b4" executionId="43f0f53f-5525-416a-87bb-28c52718fd21" testListId="8c84fa94-04c1-424b-9868-57a2d4851a1d" />
    <TestEntry testId="56298f22-4179-f485-78de-86a5d60a5d08" executionId="dc0892a1-acaa-4b32-b61c-a644677fb5fe" testListId="8c84fa94-04c1-424b-9868-57a2d4851a1d" />
    <TestEntry testId="81125343-0239-d209-bf9d-1496e0388d56" executionId="e0e8b2e0-6a80-46d4-83b6-075e0e0df385" testListId="8c84fa94-04c1-424b-9868-57a2d4851a1d" />
    <TestEntry testId="fd22e181-5e6b-b782-2fee-13e8f5775f21" executionId="9e7925df-a089-47a4-912d-8f60f548fd35" testListId="8c84fa94-04c1-424b-9868-57a2d4851a1d" />
    <TestEntry testId="ad1bedc1-a5c7-fbcd-57b0-3501001d2c43" executionId="11bc301f-586e-4fff-a7b2-37118d1415b4" testListId="8c84fa94-04c1-424b-9868-57a2d4851a1d" />
    <TestEntry testId="11eac963-cd48-c63a-1e13-706bb87c650d" executionId="09c502b8-478b-4c75-bb74-4cb9682e15f6" testListId="8c84fa94-04c1-424b-9868-57a2d4851a1d" />
    <TestEntry testId="00b5d9cb-87e8-aafa-92ff-76361c36953e" executionId="3af28574-f881-49e9-8f35-3b669aafc053" testListId="8c84fa94-04c1-424b-9868-57a2d4851a1d" />
    <TestEntry testId="44e631e4-b5d7-181f-4d68-fd8e770558c9" executionId="1f07c839-b035-4be5-aa9a-21caa0b6ac5c" testListId="8c84fa94-04c1-424b-9868-57a2d4851a1d" />
    <TestEntry testId="18b99908-134d-eaec-b7ce-3c4508c39b13" executionId="7de64379-2c90-46a0-a863-10164611d5af" testListId="8c84fa94-04c1-424b-9868-57a2d4851a1d" />
    <TestEntry testId="970f2100-c46d-c075-9bcf-514836a4ac8f" executionId="68e58d70-4ef3-444e-9c1d-0a5505266faf" testListId="8c84fa94-04c1-424b-9868-57a2d4851a1d" />
    <TestEntry testId="7a794a80-a2cd-4190-4d8a-aa1521646eac" executionId="f7fc6104-2e04-489e-99a3-82a82eef6d8d" testListId="8c84fa94-04c1-424b-9868-57a2d4851a1d" />
    <TestEntry testId="11673649-73ef-a18d-789f-eb42fbbc4c39" executionId="b05cd303-3005-4ec3-8ad5-fe09eac45302" testListId="8c84fa94-04c1-424b-9868-57a2d4851a1d" />
    <TestEntry testId="7fce61af-debc-9e65-89b8-b1bd9e05d829" executionId="656b1e3f-b1c3-4a3c-80fd-dcc5fce7595a" testListId="8c84fa94-04c1-424b-9868-57a2d4851a1d" />
    <TestEntry testId="32c50493-9e02-123b-352c-a193505a23db" executionId="4a63adaa-b19f-42ef-95ea-8c1033013d3b" testListId="8c84fa94-04c1-424b-9868-57a2d4851a1d" />
    <TestEntry testId="0b0cda2d-4418-34d5-7f36-05a75b09f624" executionId="1eacae83-5147-482f-92ee-31d0137dc42d" testListId="8c84fa94-04c1-424b-9868-57a2d4851a1d" />
    <TestEntry testId="d12dbe24-1c39-68f0-8ad8-90a9466ffcc8" executionId="143aeed2-7da6-4a60-bbc9-44a09573718a" testListId="8c84fa94-04c1-424b-9868-57a2d4851a1d" />
    <TestEntry testId="5f2f75cc-5412-5d31-09f2-a91f8adce426" executionId="3bf3a6b9-7217-4428-a585-fdcbe30afd2b" testListId="8c84fa94-04c1-424b-9868-57a2d4851a1d" />
    <TestEntry testId="9586abf1-1916-656c-9f38-28806581572c" executionId="037b4fd6-f409-4ec2-9e6b-44b81cc01e2a" testListId="8c84fa94-04c1-424b-9868-57a2d4851a1d" />
    <TestEntry testId="857bbf81-c201-722e-80a2-55a1721ce552" executionId="4ad7c230-f948-42ed-b35d-94bee1bd351c" testListId="8c84fa94-04c1-424b-9868-57a2d4851a1d" />
    <TestEntry testId="9f32a9ae-e02c-81cb-f60b-a304fec5965a" executionId="9fec2f72-6515-4678-945f-f809eb5d6da0" testListId="8c84fa94-04c1-424b-9868-57a2d4851a1d" />
    <TestEntry testId="6244c7a8-f694-792b-71e3-31800aa56da7" executionId="45214b0c-7dab-4644-8fa1-39367ea280b5" testListId="8c84fa94-04c1-424b-9868-57a2d4851a1d" />
    <TestEntry testId="1c305f0e-2122-82a0-fa35-359f2155ea13" executionId="dfc8ecb9-aa40-412d-9b3a-656e8529791c" testListId="8c84fa94-04c1-424b-9868-57a2d4851a1d" />
  </TestEntries>
  <Results>
    <UnitTestResult executionId="dbad2cb9-d100-4b85-b408-68e7c6c35b8b" testId="b7f3efec-29a9-2716-6876-d6615fdd6aff" testName="GetFileContentUsingInterfaceThrowsInvalidOperationException909" computerName="SOUVIKDXP001F" duration="00:00:00.1531239" startTime="2013-03-15T17:22:50.9612789+05:30" endTime="2013-03-15T17:22:51.8987969+05:30" testType="13cdc9d9-ddb5-4fa4-a97d-d965ccfc6d4b" outcome="Passed" testListId="8c84fa94-04c1-424b-9868-57a2d4851a1d" relativeResultsDirectory="dbad2cb9-d100-4b85-b408-68e7c6c35b8b">
    </UnitTestResult>
    <UnitTestResult executionId="efc75b38-4179-451c-a696-e7d7c586d619" testId="bcd71365-5244-6bf9-3d45-d722213ec6d7" testName="GetFileContentUsingInterfaceThrowsInvalidOperationException870" computerName="SOUVIKDXP001F" duration="00:00:00.0009945" startTime="2013-03-15T17:22:51.9144222+05:30" endTime="2013-03-15T17:22:51.9300475+05:30" testType="13cdc9d9-ddb5-4fa4-a97d-d965ccfc6d4b" outcome="Passed" testListId="8c84fa94-04c1-424b-9868-57a2d4851a1d" relativeResultsDirectory="efc75b38-4179-451c-a696-e7d7c586d619">
    </UnitTestResult>
    <UnitTestResult executionId="45746cd5-806e-4061-aa15-e7c7aec34001" testId="1ede0e4d-9b27-4da5-e515-ea6117bec58e" testName="GetFileContentUsingInterface206" computerName="SOUVIKDXP001F" duration="00:00:00.0008079" startTime="2013-03-15T17:22:51.9300475+05:30" endTime="2013-03-15T17:22:51.9300475+05:30" testType="13cdc9d9-ddb5-4fa4-a97d-d965ccfc6d4b" outcome="Passed" testListId="8c84fa94-04c1-424b-9868-57a2d4851a1d" relativeResultsDirectory="45746cd5-806e-4061-aa15-e7c7aec34001">
    </UnitTestResult>
    <UnitTestResult executionId="24b4d0ce-f291-4a34-8e7e-cc954fd80837" testId="ccdcdfdf-bf29-e3bd-24a2-1e04c71e9f65" testName="GetFileContentThrowsInvalidOperationException872" computerName="SOUVIKDXP001F" duration="00:00:00.1449807" startTime="2013-03-15T17:22:52.0394246+05:30" endTime="2013-03-15T17:22:57.0707712+05:30" testType="13cdc9d9-ddb5-4fa4-a97d-d965ccfc6d4b" outcome="Passed" testListId="8c84fa94-04c1-424b-9868-57a2d4851a1d" relativeResultsDirectory="24b4d0ce-f291-4a34-8e7e-cc954fd80837">
    </UnitTestResult>
    <UnitTestResult executionId="70ed891e-78f5-4f10-ad6d-1e872377cb5d" testId="1140ad8a-5782-5964-5512-0068887264c1" testName="GetFileContentThrowsInvalidOperationException289" computerName="SOUVIKDXP001F" duration="00:00:00.0014334" startTime="2013-03-15T17:22:57.0707712+05:30" endTime="2013-03-15T17:22:57.1020218+05:30" testType="13cdc9d9-ddb5-4fa4-a97d-d965ccfc6d4b" outcome="Passed" testListId="8c84fa94-04c1-424b-9868-57a2d4851a1d" relativeResultsDirectory="70ed891e-78f5-4f10-ad6d-1e872377cb5d">
    </UnitTestResult>
    <UnitTestResult executionId="113301ff-32d2-4a6f-9a2a-60180e8db9a2" testId="f215b841-a8ab-1789-85e6-22faabddcb98" testName="GetFileContent206" computerName="SOUVIKDXP001F" duration="00:00:00.0068567" startTime="2013-03-15T17:22:57.1020218+05:30" endTime="2013-03-15T17:22:57.1332724+05:30" testType="13cdc9d9-ddb5-4fa4-a97d-d965ccfc6d4b" outcome="Passed" testListId="8c84fa94-04c1-424b-9868-57a2d4851a1d" relativeResultsDirectory="113301ff-32d2-4a6f-9a2a-60180e8db9a2">
    </UnitTestResult>
    <UnitTestResult executionId="e7c33f18-0a26-4fef-9dd0-80e4d7461c17" testId="d74eabe9-3c22-076f-f9e5-e0fcd1dd212b" testName="CapitalizeWillNotCapitalizeAgainThrowsArgumentNullException94" computerName="SOUVIKDXP001F" duration="00:00:00.0011607" startTime="2013-03-15T17:22:57.1332724+05:30" endTime="2013-03-15T17:22:57.1332724+05:30" testType="13cdc9d9-ddb5-4fa4-a97d-d965ccfc6d4b" outcome="Passed" testListId="8c84fa94-04c1-424b-9868-57a2d4851a1d" relativeResultsDirectory="e7c33f18-0a26-4fef-9dd0-80e4d7461c17">
    </UnitTestResult>
    <UnitTestResult executionId="b92d9fdd-9f36-4d23-90e9-af7f72c09fa6" testId="cb1d8462-afb3-7f94-91df-965237b709e4" testName="CapitalizeWillNotCapitalizeAgain922" computerName="SOUVIKDXP001F" duration="00:00:00.0001572" startTime="2013-03-15T17:22:57.1332724+05:30" endTime="2013-03-15T17:22:57.1488977+05:30" testType="13cdc9d9-ddb5-4fa4-a97d-d965ccfc6d4b" outcome="Passed" testListId="8c84fa94-04c1-424b-9868-57a2d4851a1d" relativeResultsDirectory="b92d9fdd-9f36-4d23-90e9-af7f72c09fa6">
    </UnitTestResult>
    <UnitTestResult executionId="e7456660-cbb8-40bc-ac8f-f850d3852837" testId="7a701d9e-d838-3de2-cf93-bbc6eea0334a" testName="CapitalizeWillNotCapitalizeAgain526" computerName="SOUVIKDXP001F" duration="00:00:00.0001544" startTime="2013-03-15T17:22:57.1488977+05:30" endTime="2013-03-15T17:22:57.1488977+05:30" testType="13cdc9d9-ddb5-4fa4-a97d-d965ccfc6d4b" outcome="Passed" testListId="8c84fa94-04c1-424b-9868-57a2d4851a1d" relativeResultsDirectory="e7456660-cbb8-40bc-ac8f-f850d3852837">
    </UnitTestResult>
    <UnitTestResult executionId="87e0dc22-3456-487b-90b1-54f6347d2a8a" testId="1d31fac9-138c-bfce-9b5a-615340ab0790" testName="CapitalizeWillNotCapitalizeAgain396" computerName="SOUVIKDXP001F" duration="00:00:00.0001617" startTime="2013-03-15T17:22:57.1488977+05:30" endTime="2013-03-15T17:22:57.1645230+05:30" testType="13cdc9d9-ddb5-4fa4-a97d-d965ccfc6d4b" outcome="Passed" testListId="8c84fa94-04c1-424b-9868-57a2d4851a1d" relativeResultsDirectory="87e0dc22-3456-487b-90b1-54f6347d2a8a">
    </UnitTestResult>
    <UnitTestResult executionId="e88439b8-a8da-4332-a1b2-6019f0271dae" testId="2b61789e-1697-3d8a-fc35-391a94542a91" testName="CapitalizeWillNotCapitalizeAgain364" computerName="SOUVIKDXP001F" duration="00:00:00.0001561" startTime="2013-03-15T17:22:57.1645230+05:30" endTime="2013-03-15T17:22:57.1645230+05:30" testType="13cdc9d9-ddb5-4fa4-a97d-d965ccfc6d4b" outcome="Passed" testListId="8c84fa94-04c1-424b-9868-57a2d4851a1d" relativeResultsDirectory="e88439b8-a8da-4332-a1b2-6019f0271dae">
    </UnitTestResult>
    <UnitTestResult executionId="e4ee6c6a-49c6-4af9-9a50-4d73d12f7a7f" testId="a7c0bbe4-08c3-8d20-5f9f-61ce3c31ff08" testName="CapitalizeWillNotCapitalizeAgain154" computerName="SOUVIKDXP001F" duration="00:00:00.0001958" startTime="2013-03-15T17:22:57.1801483+05:30" endTime="2013-03-15T17:22:57.1801483+05:30" testType="13cdc9d9-ddb5-4fa4-a97d-d965ccfc6d4b" outcome="Passed" testListId="8c84fa94-04c1-424b-9868-57a2d4851a1d" relativeResultsDirectory="e4ee6c6a-49c6-4af9-9a50-4d73d12f7a7f">
    </UnitTestResult>
    <UnitTestResult executionId="83669142-4975-4000-9ad3-7cd58c1b5834" testId="940408a2-0424-231e-5ec0-96321f043a67" testName="CapitalizeWillNotCapitalizeAgain152" computerName="SOUVIKDXP001F" duration="00:00:00.0022919" startTime="2013-03-15T17:22:57.1801483+05:30" endTime="2013-03-15T17:22:57.1957736+05:30" testType="13cdc9d9-ddb5-4fa4-a97d-d965ccfc6d4b" outcome="Passed" testListId="8c84fa94-04c1-424b-9868-57a2d4851a1d" relativeResultsDirectory="83669142-4975-4000-9ad3-7cd58c1b5834">
    </UnitTestResult>
    <UnitTestResult executionId="cba9c024-f888-415c-b2c0-9a2be644de7a" testId="fe6f916b-813b-de9a-ba5e-a4dae929bd33" testName="CapitalizeThrowsArgumentNullException431" computerName="SOUVIKDXP001F" duration="00:00:00.0005143" startTime="2013-03-15T17:22:57.1957736+05:30" endTime="2013-03-15T17:22:57.2113989+05:30" testType="13cdc9d9-ddb5-4fa4-a97d-d965ccfc6d4b" outcome="Passed" testListId="8c84fa94-04c1-424b-9868-57a2d4851a1d" relativeResultsDirectory="cba9c024-f888-415c-b2c0-9a2be644de7a">
    </UnitTestResult>
    <UnitTestResult executionId="6adf22e3-37d8-49a8-9823-00584911c1e1" testId="2c9cbc39-1930-d32a-c417-d9c1ba5049f7" testName="CapitalizeReturnsOnlyLettersAndUnderscoresThrowsArgumentNullException34" computerName="SOUVIKDXP001F" duration="00:00:00.0006836" startTime="2013-03-15T17:22:57.2113989+05:30" endTime="2013-03-15T17:22:57.2113989+05:30" testType="13cdc9d9-ddb5-4fa4-a97d-d965ccfc6d4b" outcome="Passed" testListId="8c84fa94-04c1-424b-9868-57a2d4851a1d" relativeResultsDirectory="6adf22e3-37d8-49a8-9823-00584911c1e1">
    </UnitTestResult>
    <UnitTestResult executionId="f24a13ef-c6ee-4f51-a5ea-6a0821067481" testId="ffc272b0-94bb-5a6b-af71-ab673aa3d28d" testName="CapitalizeReturnsOnlyLettersAndUnderscores922" computerName="SOUVIKDXP001F" duration="00:00:00.0017245" startTime="2013-03-15T17:22:57.2270242+05:30" endTime="2013-03-15T17:22:57.2270242+05:30" testType="13cdc9d9-ddb5-4fa4-a97d-d965ccfc6d4b" outcome="Passed" testListId="8c84fa94-04c1-424b-9868-57a2d4851a1d" relativeResultsDirectory="f24a13ef-c6ee-4f51-a5ea-6a0821067481">
    </UnitTestResult>
    <UnitTestResult executionId="e1ac993d-f5fa-496c-bf59-5614d5f5fba5" testId="79c80897-a058-67d7-18d0-da5398d6323f" testName="CapitalizeReturnsOnlyLettersAndUnderscores868" computerName="SOUVIKDXP001F" duration="00:00:00.0031942" startTime="2013-03-15T17:22:57.2426495+05:30" endTime="2013-03-15T17:22:57.2426495+05:30" testType="13cdc9d9-ddb5-4fa4-a97d-d965ccfc6d4b" outcome="Passed" testListId="8c84fa94-04c1-424b-9868-57a2d4851a1d" relativeResultsDirectory="e1ac993d-f5fa-496c-bf59-5614d5f5fba5">
    </UnitTestResult>
    <UnitTestResult executionId="9710e636-92a9-4716-8dd8-247262c547f9" testId="ac8a02b8-4520-7126-d606-4c06713cd247" testName="CapitalizeReturnsOnlyLettersAndUnderscores747" computerName="SOUVIKDXP001F" duration="00:00:00.0001572" startTime="2013-03-15T17:22:57.2582748+05:30" endTime="2013-03-15T17:22:57.2582748+05:30" testType="13cdc9d9-ddb5-4fa4-a97d-d965ccfc6d4b" outcome="Passed" testListId="8c84fa94-04c1-424b-9868-57a2d4851a1d" relativeResultsDirectory="9710e636-92a9-4716-8dd8-247262c547f9">
    </UnitTestResult>
    <UnitTestResult executionId="d86c0410-72d3-4fcb-b25b-b3ca4aaf1b61" testId="9ba2d526-786a-1bbf-7afc-8ac7d326b2c1" testName="CapitalizeReturnsOnlyLettersAndUnderscores526" computerName="SOUVIKDXP001F" duration="00:00:00.0001544" startTime="2013-03-15T17:22:57.2582748+05:30" endTime="2013-03-15T17:22:57.2739001+05:30" testType="13cdc9d9-ddb5-4fa4-a97d-d965ccfc6d4b" outcome="Passed" testListId="8c84fa94-04c1-424b-9868-57a2d4851a1d" relativeResultsDirectory="d86c0410-72d3-4fcb-b25b-b3ca4aaf1b61">
    </UnitTestResult>
    <UnitTestResult executionId="88790403-2824-49b7-855f-81d173002cc0" testId="3bcaf3e5-14e0-4491-ddba-1741f472a94c" testName="CapitalizeReturnsOnlyLettersAndUnderscores467" computerName="SOUVIKDXP001F" duration="00:00:00.0002556" startTime="2013-03-15T17:22:57.2739001+05:30" endTime="2013-03-15T17:22:57.2739001+05:30" testType="13cdc9d9-ddb5-4fa4-a97d-d965ccfc6d4b" outcome="Passed" testListId="8c84fa94-04c1-424b-9868-57a2d4851a1d" relativeResultsDirectory="88790403-2824-49b7-855f-81d173002cc0">
    </UnitTestResult>
    <UnitTestResult executionId="eb2af0d9-7e30-433e-bf0f-f4ed8f84beaa" testId="e9efd049-7300-2d2c-d54e-7e46c4383668" testName="CapitalizeReturnsOnlyLettersAndUnderscores396" computerName="SOUVIKDXP001F" duration="00:00:00.0002081" startTime="2013-03-15T17:22:57.2739001+05:30" endTime="2013-03-15T17:22:57.3051507+05:30" testType="13cdc9d9-ddb5-4fa4-a97d-d965ccfc6d4b" outcome="Passed" testListId="8c84fa94-04c1-424b-9868-57a2d4851a1d" relativeResultsDirectory="eb2af0d9-7e30-433e-bf0f-f4ed8f84beaa">
    </UnitTestResult>
    <UnitTestResult executionId="bfff571c-d69b-4017-bd05-f19cb7ccfe5a" testId="3d403cbb-7b5d-6219-f8e7-8111151e0d92" testName="CapitalizeReturnsOnlyLettersAndUnderscores364" computerName="SOUVIKDXP001F" duration="00:00:00.0001544" startTime="2013-03-15T17:22:57.3051507+05:30" endTime="2013-03-15T17:22:57.3051507+05:30" testType="13cdc9d9-ddb5-4fa4-a97d-d965ccfc6d4b" outcome="Passed" testListId="8c84fa94-04c1-424b-9868-57a2d4851a1d" relativeResultsDirectory="bfff571c-d69b-4017-bd05-f19cb7ccfe5a">
    </UnitTestResult>
    <UnitTestResult executionId="d439b3c7-dd9b-42c0-bffa-2ac81c8cac94" testId="8fe2b1c5-6978-e869-fcf8-0637b12ec7dd" testName="CapitalizeReturnsOnlyLettersAndUnderscores226" computerName="SOUVIKDXP001F" duration="00:00:00.0001522" startTime="2013-03-15T17:22:57.3051507+05:30" endTime="2013-03-15T17:22:57.3207760+05:30" testType="13cdc9d9-ddb5-4fa4-a97d-d965ccfc6d4b" outcome="Passed" testListId="8c84fa94-04c1-424b-9868-57a2d4851a1d" relativeResultsDirectory="d439b3c7-dd9b-42c0-bffa-2ac81c8cac94">
    </UnitTestResult>
    <UnitTestResult executionId="a4062771-6b50-481c-adc8-87962b92d414" testId="2b4f90dd-c5b0-f0cd-a882-7c4135cabb3d" testName="CapitalizeReturnsOnlyLettersAndUnderscores217" computerName="SOUVIKDXP001F" duration="00:00:00.0001572" startTime="2013-03-15T17:22:57.3207760+05:30" endTime="2013-03-15T17:22:57.3207760+05:30" testType="13cdc9d9-ddb5-4fa4-a97d-d965ccfc6d4b" outcome="Passed" testListId="8c84fa94-04c1-424b-9868-57a2d4851a1d" relativeResultsDirectory="a4062771-6b50-481c-adc8-87962b92d414">
    </UnitTestResult>
    <UnitTestResult executionId="43f0f53f-5525-416a-87bb-28c52718fd21" testId="6d5815c6-23ba-5872-a43b-ee95a3b341b4" testName="CapitalizeReturnsOnlyLettersAndUnderscores18" computerName="SOUVIKDXP001F" duration="00:00:00.0001947" startTime="2013-03-15T17:22:57.3207760+05:30" endTime="2013-03-15T17:22:57.3364013+05:30" testType="13cdc9d9-ddb5-4fa4-a97d-d965ccfc6d4b" outcome="Passed" testListId="8c84fa94-04c1-424b-9868-57a2d4851a1d" relativeResultsDirectory="43f0f53f-5525-416a-87bb-28c52718fd21">
    </UnitTestResult>
    <UnitTestResult executionId="dc0892a1-acaa-4b32-b61c-a644677fb5fe" testId="56298f22-4179-f485-78de-86a5d60a5d08" testName="CapitalizeReturnsOnlyLettersAndUnderscores152" computerName="SOUVIKDXP001F" duration="00:00:00.0001539" startTime="2013-03-15T17:22:57.3364013+05:30" endTime="2013-03-15T17:22:57.3364013+05:30" testType="13cdc9d9-ddb5-4fa4-a97d-d965ccfc6d4b" outcome="Passed" testListId="8c84fa94-04c1-424b-9868-57a2d4851a1d" relativeResultsDirectory="dc0892a1-acaa-4b32-b61c-a644677fb5fe">
    </UnitTestResult>
    <UnitTestResult executionId="e0e8b2e0-6a80-46d4-83b6-075e0e0df385" testId="81125343-0239-d209-bf9d-1496e0388d56" testName="CapitalizeMaintainsLettersCountThrowsArgumentNullException456" computerName="SOUVIKDXP001F" duration="00:00:00.0013180" startTime="2013-03-15T17:22:57.3364013+05:30" endTime="2013-03-15T17:22:57.3520266+05:30" testType="13cdc9d9-ddb5-4fa4-a97d-d965ccfc6d4b" outcome="Passed" testListId="8c84fa94-04c1-424b-9868-57a2d4851a1d" relativeResultsDirectory="e0e8b2e0-6a80-46d4-83b6-075e0e0df385">
    </UnitTestResult>
    <UnitTestResult executionId="9e7925df-a089-47a4-912d-8f60f548fd35" testId="fd22e181-5e6b-b782-2fee-13e8f5775f21" testName="CapitalizeMaintainsLettersCount922" computerName="SOUVIKDXP001F" duration="00:00:00.0129885" startTime="2013-03-15T17:22:57.3520266+05:30" endTime="2013-03-15T17:22:57.3676519+05:30" testType="13cdc9d9-ddb5-4fa4-a97d-d965ccfc6d4b" outcome="Passed" testListId="8c84fa94-04c1-424b-9868-57a2d4851a1d" relativeResultsDirectory="9e7925df-a089-47a4-912d-8f60f548fd35">
    </UnitTestResult>
    <UnitTestResult executionId="11bc301f-586e-4fff-a7b2-37118d1415b4" testId="ad1bedc1-a5c7-fbcd-57b0-3501001d2c43" testName="CapitalizeMaintainsLettersCount783" computerName="SOUVIKDXP001F" duration="00:00:00.0001665" startTime="2013-03-15T17:22:57.3676519+05:30" endTime="2013-03-15T17:22:57.3832772+05:30" testType="13cdc9d9-ddb5-4fa4-a97d-d965ccfc6d4b" outcome="Passed" testListId="8c84fa94-04c1-424b-9868-57a2d4851a1d" relativeResultsDirectory="11bc301f-586e-4fff-a7b2-37118d1415b4">
    </UnitTestResult>
    <UnitTestResult executionId="09c502b8-478b-4c75-bb74-4cb9682e15f6" testId="11eac963-cd48-c63a-1e13-706bb87c650d" testName="CapitalizeMaintainsLettersCount554" computerName="SOUVIKDXP001F" duration="00:00:00.0001556" startTime="2013-03-15T17:22:57.3832772+05:30" endTime="2013-03-15T17:22:57.3832772+05:30" testType="13cdc9d9-ddb5-4fa4-a97d-d965ccfc6d4b" outcome="Passed" testListId="8c84fa94-04c1-424b-9868-57a2d4851a1d" relativeResultsDirectory="09c502b8-478b-4c75-bb74-4cb9682e15f6">
    </UnitTestResult>
    <UnitTestResult executionId="3af28574-f881-49e9-8f35-3b669aafc053" testId="00b5d9cb-87e8-aafa-92ff-76361c36953e" testName="CapitalizeMaintainsLettersCount526" computerName="SOUVIKDXP001F" duration="00:00:00.0001519" startTime="2013-03-15T17:22:57.3832772+05:30" endTime="2013-03-15T17:22:57.3832772+05:30" testType="13cdc9d9-ddb5-4fa4-a97d-d965ccfc6d4b" outcome="Passed" testListId="8c84fa94-04c1-424b-9868-57a2d4851a1d" relativeResultsDirectory="3af28574-f881-49e9-8f35-3b669aafc053">
    </UnitTestResult>
    <UnitTestResult executionId="1f07c839-b035-4be5-aa9a-21caa0b6ac5c" testId="44e631e4-b5d7-181f-4d68-fd8e770558c9" testName="CapitalizeMaintainsLettersCount396" computerName="SOUVIKDXP001F" duration="00:00:00.0001771" startTime="2013-03-15T17:22:57.3989025+05:30" endTime="2013-03-15T17:22:57.3989025+05:30" testType="13cdc9d9-ddb5-4fa4-a97d-d965ccfc6d4b" outcome="Passed" testListId="8c84fa94-04c1-424b-9868-57a2d4851a1d" relativeResultsDirectory="1f07c839-b035-4be5-aa9a-21caa0b6ac5c">
    </UnitTestResult>
    <UnitTestResult executionId="7de64379-2c90-46a0-a863-10164611d5af" testId="18b99908-134d-eaec-b7ce-3c4508c39b13" testName="CapitalizeMaintainsLettersCount364" computerName="SOUVIKDXP001F" duration="00:00:00.0001852" startTime="2013-03-15T17:22:57.3989025+05:30" endTime="2013-03-15T17:22:57.3989025+05:30" testType="13cdc9d9-ddb5-4fa4-a97d-d965ccfc6d4b" outcome="Passed" testListId="8c84fa94-04c1-424b-9868-57a2d4851a1d" relativeResultsDirectory="7de64379-2c90-46a0-a863-10164611d5af">
    </UnitTestResult>
    <UnitTestResult executionId="68e58d70-4ef3-444e-9c1d-0a5505266faf" testId="970f2100-c46d-c075-9bcf-514836a4ac8f" testName="CapitalizeMaintainsLettersCount217" computerName="SOUVIKDXP001F" duration="00:00:00.0001768" startTime="2013-03-15T17:22:57.4145278+05:30" endTime="2013-03-15T17:22:57.4145278+05:30" testType="13cdc9d9-ddb5-4fa4-a97d-d965ccfc6d4b" outcome="Passed" testListId="8c84fa94-04c1-424b-9868-57a2d4851a1d" relativeResultsDirectory="68e58d70-4ef3-444e-9c1d-0a5505266faf">
    </UnitTestResult>
    <UnitTestResult executionId="f7fc6104-2e04-489e-99a3-82a82eef6d8d" testId="7a794a80-a2cd-4190-4d8a-aa1521646eac" testName="CapitalizeMaintainsLettersCount152" computerName="SOUVIKDXP001F" duration="00:00:00.0001841" startTime="2013-03-15T17:22:57.4301531+05:30" endTime="2013-03-15T17:22:57.4301531+05:30" testType="13cdc9d9-ddb5-4fa4-a97d-d965ccfc6d4b" outcome="Passed" testListId="8c84fa94-04c1-424b-9868-57a2d4851a1d" relativeResultsDirectory="f7fc6104-2e04-489e-99a3-82a82eef6d8d">
    </UnitTestResult>
    <UnitTestResult executionId="b05cd303-3005-4ec3-8ad5-fe09eac45302" testId="11673649-73ef-a18d-789f-eb42fbbc4c39" testName="Capitalize983" computerName="SOUVIKDXP001F" duration="00:00:00.0002930" startTime="2013-03-15T17:22:57.4301531+05:30" endTime="2013-03-15T17:22:57.4301531+05:30" testType="13cdc9d9-ddb5-4fa4-a97d-d965ccfc6d4b" outcome="Passed" testListId="8c84fa94-04c1-424b-9868-57a2d4851a1d" relativeResultsDirectory="b05cd303-3005-4ec3-8ad5-fe09eac45302">
    </UnitTestResult>
    <UnitTestResult executionId="656b1e3f-b1c3-4a3c-80fd-dcc5fce7595a" testId="7fce61af-debc-9e65-89b8-b1bd9e05d829" testName="Capitalize870" computerName="SOUVIKDXP001F" duration="00:00:00.0002313" startTime="2013-03-15T17:22:57.4457784+05:30" endTime="2013-03-15T17:22:57.4457784+05:30" testType="13cdc9d9-ddb5-4fa4-a97d-d965ccfc6d4b" outcome="Passed" testListId="8c84fa94-04c1-424b-9868-57a2d4851a1d" relativeResultsDirectory="656b1e3f-b1c3-4a3c-80fd-dcc5fce7595a">
    </UnitTestResult>
    <UnitTestResult executionId="4a63adaa-b19f-42ef-95ea-8c1033013d3b" testId="32c50493-9e02-123b-352c-a193505a23db" testName="Capitalize727" computerName="SOUVIKDXP001F" duration="00:00:00.0002743" startTime="2013-03-15T17:22:57.4457784+05:30" endTime="2013-03-15T17:22:57.4614037+05:30" testType="13cdc9d9-ddb5-4fa4-a97d-d965ccfc6d4b" outcome="Passed" testListId="8c84fa94-04c1-424b-9868-57a2d4851a1d" relativeResultsDirectory="4a63adaa-b19f-42ef-95ea-8c1033013d3b">
    </UnitTestResult>
    <UnitTestResult executionId="1eacae83-5147-482f-92ee-31d0137dc42d" testId="0b0cda2d-4418-34d5-7f36-05a75b09f624" testName="Capitalize669" computerName="SOUVIKDXP001F" duration="00:00:00.0002343" startTime="2013-03-15T17:22:57.4614037+05:30" endTime="2013-03-15T17:22:57.4614037+05:30" testType="13cdc9d9-ddb5-4fa4-a97d-d965ccfc6d4b" outcome="Passed" testListId="8c84fa94-04c1-424b-9868-57a2d4851a1d" relativeResultsDirectory="1eacae83-5147-482f-92ee-31d0137dc42d">
    </UnitTestResult>
    <UnitTestResult executionId="143aeed2-7da6-4a60-bbc9-44a09573718a" testId="d12dbe24-1c39-68f0-8ad8-90a9466ffcc8" testName="Capitalize630" computerName="SOUVIKDXP001F" duration="00:00:00.0002299" startTime="2013-03-15T17:22:57.4614037+05:30" endTime="2013-03-15T17:22:57.4770290+05:30" testType="13cdc9d9-ddb5-4fa4-a97d-d965ccfc6d4b" outcome="Passed" testListId="8c84fa94-04c1-424b-9868-57a2d4851a1d" relativeResultsDirectory="143aeed2-7da6-4a60-bbc9-44a09573718a">
    </UnitTestResult>
    <UnitTestResult executionId="3bf3a6b9-7217-4428-a585-fdcbe30afd2b" testId="5f2f75cc-5412-5d31-09f2-a91f8adce426" testName="Capitalize582" computerName="SOUVIKDXP001F" duration="00:00:00.0002271" startTime="2013-03-15T17:22:57.4770290+05:30" endTime="2013-03-15T17:22:57.4770290+05:30" testType="13cdc9d9-ddb5-4fa4-a97d-d965ccfc6d4b" outcome="Passed" testListId="8c84fa94-04c1-424b-9868-57a2d4851a1d" relativeResultsDirectory="3bf3a6b9-7217-4428-a585-fdcbe30afd2b">
    </UnitTestResult>
    <UnitTestResult executionId="037b4fd6-f409-4ec2-9e6b-44b81cc01e2a" testId="9586abf1-1916-656c-9f38-28806581572c" testName="Capitalize538" computerName="SOUVIKDXP001F" duration="00:00:00.0002254" startTime="2013-03-15T17:22:57.4926543+05:30" endTime="2013-03-15T17:22:57.4926543+05:30" testType="13cdc9d9-ddb5-4fa4-a97d-d965ccfc6d4b" outcome="Passed" testListId="8c84fa94-04c1-424b-9868-57a2d4851a1d" relativeResultsDirectory="037b4fd6-f409-4ec2-9e6b-44b81cc01e2a">
    </UnitTestResult>
    <UnitTestResult executionId="4ad7c230-f948-42ed-b35d-94bee1bd351c" testId="857bbf81-c201-722e-80a2-55a1721ce552" testName="Capitalize439" computerName="SOUVIKDXP001F" duration="00:00:00.0002461" startTime="2013-03-15T17:22:57.4926543+05:30" endTime="2013-03-15T17:22:57.4926543+05:30" testType="13cdc9d9-ddb5-4fa4-a97d-d965ccfc6d4b" outcome="Passed" testListId="8c84fa94-04c1-424b-9868-57a2d4851a1d" relativeResultsDirectory="4ad7c230-f948-42ed-b35d-94bee1bd351c">
    </UnitTestResult>
    <UnitTestResult executionId="9fec2f72-6515-4678-945f-f809eb5d6da0" testId="9f32a9ae-e02c-81cb-f60b-a304fec5965a" testName="Capitalize426" computerName="SOUVIKDXP001F" duration="00:00:00.0002670" startTime="2013-03-15T17:22:57.5082796+05:30" endTime="2013-03-15T17:22:57.5082796+05:30" testType="13cdc9d9-ddb5-4fa4-a97d-d965ccfc6d4b" outcome="Passed" testListId="8c84fa94-04c1-424b-9868-57a2d4851a1d" relativeResultsDirectory="9fec2f72-6515-4678-945f-f809eb5d6da0">
    </UnitTestResult>
    <UnitTestResult executionId="45214b0c-7dab-4644-8fa1-39367ea280b5" testId="6244c7a8-f694-792b-71e3-31800aa56da7" testName="Capitalize411" computerName="SOUVIKDXP001F" duration="00:00:00.0002064" startTime="2013-03-15T17:22:57.5082796+05:30" endTime="2013-03-15T17:22:57.5239049+05:30" testType="13cdc9d9-ddb5-4fa4-a97d-d965ccfc6d4b" outcome="Passed" testListId="8c84fa94-04c1-424b-9868-57a2d4851a1d" relativeResultsDirectory="45214b0c-7dab-4644-8fa1-39367ea280b5">
    </UnitTestResult>
    <UnitTestResult executionId="dfc8ecb9-aa40-412d-9b3a-656e8529791c" testId="1c305f0e-2122-82a0-fa35-359f2155ea13" testName="Capitalize393" computerName="SOUVIKDXP001F" duration="00:00:00.0002053" startTime="2013-03-15T17:22:57.5239049+05:30" endTime="2013-03-15T17:22:57.5239049+05:30" testType="13cdc9d9-ddb5-4fa4-a97d-d965ccfc6d4b" outcome="Passed" testListId="8c84fa94-04c1-424b-9868-57a2d4851a1d" relativeResultsDirectory="dfc8ecb9-aa40-412d-9b3a-656e8529791c">
    </UnitTestResult>
  </Results>
</TestRun>